推理作业 17088120 在 host.cluster.example.org 启动
CUDA: True NVIDIA A100-SXM4-80GB
/path/to/env/coronary/lib/python3.11/site-packages/monai/utils/deprecate_utils.py:321: FutureWarning: monai.transforms.spatial.dictionary Orientationd.__init__:labels: Current default value of argument `labels=(('L', 'R'), ('P', 'A'), ('I', 'S'))` was changed in version None from `labels=(('L', 'R'), ('P', 'A'), ('I', 'S'))` to `labels=None`. Default value changed to None meaning that the transform now uses the 'space' of a meta-tensor, if applicable, to determine appropriate axis labels.
  warn_deprecated(argname, msg, warning_category)
/path/to/env/coronary/lib/python3.11/site-packages/monai/utils/deprecate_utils.py:221: FutureWarning: monai.metrics.utils get_mask_edges:always_return_as_numpy: Argument `always_return_as_numpy` has been deprecated since version 1.5.0. It will be removed in version 1.7.0. The option is removed and the return type will always be equal to the input type.
  warn_deprecated(argname, msg, warning_category)
device=cuda, ckpt=runs/exp_2p5d/best.pth
加载 checkpoint（epoch=59, val_dice=0.8120524136874722）
[续跑] 已有 csv，117 个病例已完成，将跳过
[1/200] case 936 已完成，跳过
[2/200] case 761 已完成，跳过
[3/200] case 764 已完成，跳过
[4/200] case 1000 已完成，跳过
[5/200] case 916 已完成，跳过
[6/200] case 243 已完成，跳过
[7/200] case 5 已完成，跳过
[8/200] case 937 已完成，跳过
[9/200] case 998 已完成，跳过
[10/200] case 959 已完成，跳过
[11/200] case 69 已完成，跳过
[12/200] case 807 已完成，跳过
[13/200] case 908 已完成，跳过
[14/200] case 790 已完成，跳过
[15/200] case 941 已完成，跳过
[16/200] case 727 已完成，跳过
[17/200] case 203 已完成，跳过
[18/200] case 763 已完成，跳过
[19/200] case 846 已完成，跳过
[20/200] case 108 已完成，跳过
[21/200] case 608 已完成，跳过
[22/200] case 33 已完成，跳过
[23/200] case 586 已完成，跳过
[24/200] case 53 已完成，跳过
[25/200] case 966 已完成，跳过
[26/200] case 45 已完成，跳过
[27/200] case 453 已完成，跳过
[28/200] case 157 已完成，跳过
[29/200] case 648 已完成，跳过
[30/200] case 96 已完成，跳过
[31/200] case 725 已完成，跳过
[32/200] case 829 已完成，跳过
[33/200] case 961 已完成，跳过
[34/200] case 677 已完成，跳过
[35/200] case 239 已完成，跳过
[36/200] case 2 已完成，跳过
[37/200] case 141 已完成，跳过
[38/200] case 795 已完成，跳过
[39/200] case 182 已完成，跳过
[40/200] case 553 已完成，跳过
[41/200] case 568 已完成，跳过
[42/200] case 225 已完成，跳过
[43/200] case 892 已完成，跳过
[44/200] case 931 已完成，跳过
[45/200] case 466 已完成，跳过
[46/200] case 636 已完成，跳过
[47/200] case 493 已完成，跳过
[48/200] case 637 已完成，跳过
[49/200] case 787 已完成，跳过
[50/200] case 340 已完成，跳过
[51/200] case 595 已完成，跳过
[52/200] case 976 已完成，跳过
[53/200] case 785 已完成，跳过
[54/200] case 325 已完成，跳过
[55/200] case 992 已完成，跳过
[56/200] case 342 已完成，跳过
[57/200] case 23 已完成，跳过
[58/200] case 520 已完成，跳过
[59/200] case 691 已完成，跳过
[60/200] case 463 已完成，跳过
[61/200] case 559 已完成，跳过
[62/200] case 702 已完成，跳过
[63/200] case 294 已完成，跳过
[64/200] case 389 已完成，跳过
[65/200] case 760 已完成，跳过
[66/200] case 620 已完成，跳过
[67/200] case 293 已完成，跳过
[68/200] case 159 已完成，跳过
[69/200] case 345 已完成，跳过
[70/200] case 468 已完成，跳过
[71/200] case 39 已完成，跳过
[72/200] case 840 已完成，跳过
[73/200] case 983 已完成，跳过
[74/200] case 856 已完成，跳过
[75/200] case 309 已完成，跳过
[76/200] case 15 已完成，跳过
[77/200] case 813 已完成，跳过
[78/200] case 806 已完成，跳过
[79/200] case 876 已完成，跳过
[80/200] case 398 已完成，跳过
[81/200] case 73 已完成，跳过
[82/200] case 30 已完成，跳过
[83/200] case 611 已完成，跳过
[84/200] case 732 已完成，跳过
[85/200] case 689 已完成，跳过
[86/200] case 347 已完成，跳过
[87/200] case 448 已完成，跳过
[88/200] case 524 已完成，跳过
[89/200] case 249 已完成，跳过
[90/200] case 994 已完成，跳过
[91/200] case 770 已完成，跳过
[92/200] case 590 已完成，跳过
[93/200] case 256 已完成，跳过
[94/200] case 915 已完成，跳过
[95/200] case 66 已完成，跳过
[96/200] case 164 已完成，跳过
[97/200] case 696 已完成，跳过
[98/200] case 728 已完成，跳过
[99/200] case 972 已完成，跳过
[100/200] case 344 已完成，跳过
[101/200] case 716 已完成，跳过
[102/200] case 291 已完成，跳过
[103/200] case 425 已完成，跳过
[104/200] case 44 已完成，跳过
[105/200] case 248 已完成，跳过
[106/200] case 434 已完成，跳过
[107/200] case 868 已完成，跳过
[108/200] case 684 已完成，跳过
[109/200] case 516 已完成，跳过
[110/200] case 958 已完成，跳过
[111/200] case 951 已完成，跳过
[112/200] case 191 已完成，跳过
[113/200] case 898 已完成，跳过
[114/200] case 98 已完成，跳过
[115/200] case 887 已完成，跳过
[116/200] case 171 已完成，跳过
[117/200] case 365 已完成，跳过
[118/200] case 810  raw: dice=0.8389 clDice=0.9008 B0err=15 | pp: dice=0.8337 clDice=0.9002 B0err=3
[119/200] case 308  raw: dice=0.8165 clDice=0.8503 B0err=16 | pp: dice=0.8165 clDice=0.8567 B0err=5
[120/200] case 708  raw: dice=0.8205 clDice=0.8715 B0err=15 | pp: dice=0.8223 clDice=0.8855 B0err=2
[121/200] case 14  raw: dice=0.8272 clDice=0.8736 B0err=16 | pp: dice=0.8321 clDice=0.8932 B0err=1
[122/200] case 162  raw: dice=0.6739 clDice=0.7051 B0err=41 | pp: dice=0.6792 clDice=0.7302 B0err=9
[123/200] case 748  raw: dice=0.8155 clDice=0.8882 B0err=20 | pp: dice=0.8202 clDice=0.8999 B0err=3
[124/200] case 275  raw: dice=0.8296 clDice=0.8940 B0err=18 | pp: dice=0.8290 clDice=0.8969 B0err=2
[125/200] case 630  raw: dice=0.6345 clDice=0.6657 B0err=29 | pp: dice=0.6486 clDice=0.7004 B0err=9
[126/200] case 431  raw: dice=0.7858 clDice=0.8826 B0err=22 | pp: dice=0.7907 clDice=0.9027 B0err=2
[127/200] case 893  raw: dice=0.8643 clDice=0.9410 B0err=14 | pp: dice=0.8681 clDice=0.9399 B0err=2
[128/200] case 914  raw: dice=0.7270 clDice=0.7662 B0err=21 | pp: dice=0.7380 clDice=0.7932 B0err=3
[129/200] case 669  raw: dice=0.8570 clDice=0.9370 B0err=15 | pp: dice=0.8615 clDice=0.9429 B0err=2
[130/200] case 678  raw: dice=0.7486 clDice=0.8533 B0err=8 | pp: dice=0.7512 clDice=0.8580 B0err=2
[131/200] case 863  raw: dice=0.8463 clDice=0.9013 B0err=17 | pp: dice=0.8519 clDice=0.9142 B0err=4
[132/200] case 369  raw: dice=0.8413 clDice=0.8988 B0err=17 | pp: dice=0.8495 clDice=0.9232 B0err=1
[133/200] case 607  raw: dice=0.8479 clDice=0.9173 B0err=34 | pp: dice=0.8514 clDice=0.9388 B0err=1
[134/200] case 170  raw: dice=0.7029 clDice=0.7722 B0err=37 | pp: dice=0.7061 clDice=0.7865 B0err=5
[135/200] case 447  raw: dice=0.6758 clDice=0.6825 B0err=47 | pp: dice=0.6914 clDice=0.7258 B0err=12
[136/200] case 212  raw: dice=0.7577 clDice=0.7881 B0err=27 | pp: dice=0.7570 clDice=0.8065 B0err=4
[137/200] case 593  raw: dice=0.8477 clDice=0.8862 B0err=15 | pp: dice=0.8464 clDice=0.8816 B0err=2
[138/200] case 521  raw: dice=0.8361 clDice=0.9166 B0err=16 | pp: dice=0.8373 clDice=0.9151 B0err=4
[139/200] case 771  raw: dice=0.8411 clDice=0.8840 B0err=21 | pp: dice=0.8482 clDice=0.8952 B0err=4
[140/200] case 138  raw: dice=0.8179 clDice=0.8685 B0err=14 | pp: dice=0.8223 clDice=0.8912 B0err=4
[141/200] case 842  raw: dice=0.7695 clDice=0.8328 B0err=17 | pp: dice=0.7689 clDice=0.8359 B0err=3
[142/200] case 341  raw: dice=0.8233 clDice=0.9088 B0err=16 | pp: dice=0.8221 clDice=0.9095 B0err=4
[143/200] case 655  raw: dice=0.7160 clDice=0.7245 B0err=13 | pp: dice=0.7236 clDice=0.7673 B0err=3
[144/200] case 415  raw: dice=0.7192 clDice=0.7600 B0err=32 | pp: dice=0.7232 clDice=0.7622 B0err=9
[145/200] case 88  raw: dice=0.8306 clDice=0.8994 B0err=16 | pp: dice=0.8239 clDice=0.8886 B0err=4
[146/200] case 429  raw: dice=0.8792 clDice=0.9257 B0err=9 | pp: dice=0.8828 clDice=0.9408 B0err=2
[147/200] case 188  raw: dice=0.7941 clDice=0.8463 B0err=23 | pp: dice=0.7922 clDice=0.8490 B0err=3
[148/200] case 449  raw: dice=0.8741 clDice=0.9177 B0err=15 | pp: dice=0.8767 clDice=0.9242 B0err=0
[149/200] case 183  raw: dice=0.8575 clDice=0.9117 B0err=14 | pp: dice=0.8661 clDice=0.9393 B0err=1
[150/200] case 990  raw: dice=0.8528 clDice=0.9244 B0err=14 | pp: dice=0.8584 clDice=0.9405 B0err=4
[151/200] case 408  raw: dice=0.8000 clDice=0.8643 B0err=21 | pp: dice=0.7973 clDice=0.8576 B0err=2
[152/200] case 801  raw: dice=0.7791 clDice=0.8366 B0err=13 | pp: dice=0.7780 clDice=0.8367 B0err=3
[153/200] case 297  raw: dice=0.8752 clDice=0.9281 B0err=14 | pp: dice=0.8760 clDice=0.9278 B0err=3
[154/200] case 241  raw: dice=0.8222 clDice=0.8771 B0err=19 | pp: dice=0.8206 clDice=0.8689 B0err=0
[155/200] case 967  raw: dice=0.8671 clDice=0.9403 B0err=10 | pp: dice=0.8667 clDice=0.9366 B0err=2
[156/200] case 411  raw: dice=0.8419 clDice=0.9048 B0err=11 | pp: dice=0.8422 clDice=0.9132 B0err=3
[157/200] case 984  raw: dice=0.8454 clDice=0.8868 B0err=27 | pp: dice=0.8502 clDice=0.9049 B0err=5
[158/200] case 741  raw: dice=0.6973 clDice=0.7182 B0err=37 | pp: dice=0.7129 clDice=0.7913 B0err=11
[159/200] case 245  raw: dice=0.8285 clDice=0.9110 B0err=31 | pp: dice=0.8262 clDice=0.9048 B0err=2
[160/200] case 841  raw: dice=0.8302 clDice=0.8978 B0err=15 | pp: dice=0.8296 clDice=0.9010 B0err=2
[161/200] case 799  raw: dice=0.8348 clDice=0.9064 B0err=15 | pp: dice=0.8376 clDice=0.9111 B0err=2
[162/200] case 103  raw: dice=0.8413 clDice=0.9322 B0err=7 | pp: dice=0.8409 clDice=0.9314 B0err=1
[163/200] case 90  raw: dice=0.7841 clDice=0.8142 B0err=28 | pp: dice=0.7879 clDice=0.8223 B0err=3
[164/200] case 844  raw: dice=0.8598 clDice=0.8726 B0err=19 | pp: dice=0.8632 clDice=0.8889 B0err=4
[165/200] case 354  raw: dice=0.7516 clDice=0.7941 B0err=28 | pp: dice=0.7635 clDice=0.8264 B0err=7
[166/200] case 641  raw: dice=0.9018 clDice=0.9658 B0err=4 | pp: dice=0.9026 clDice=0.9769 B0err=1
[167/200] case 511  raw: dice=0.8601 clDice=0.9279 B0err=16 | pp: dice=0.8639 clDice=0.9507 B0err=0
[168/200] case 300  raw: dice=0.8740 clDice=0.9341 B0err=13 | pp: dice=0.8802 clDice=0.9486 B0err=2
[169/200] case 485  raw: dice=0.7597 clDice=0.8434 B0err=12 | pp: dice=0.7597 clDice=0.8439 B0err=1
[170/200] case 987  raw: dice=0.7992 clDice=0.8625 B0err=1 | pp: dice=0.7983 clDice=0.8595 B0err=2
[171/200] case 745  raw: dice=0.8354 clDice=0.8998 B0err=16 | pp: dice=0.8347 clDice=0.8998 B0err=4
[172/200] case 698  raw: dice=0.8902 clDice=0.8964 B0err=18 | pp: dice=0.8953 clDice=0.9258 B0err=1
[173/200] case 759  raw: dice=0.7303 clDice=0.8282 B0err=13 | pp: dice=0.7236 clDice=0.8168 B0err=5
[174/200] case 281  raw: dice=0.7650 clDice=0.8154 B0err=20 | pp: dice=0.7670 clDice=0.8298 B0err=8
[175/200] case 615  raw: dice=0.8375 clDice=0.9299 B0err=17 | pp: dice=0.8342 clDice=0.9203 B0err=5
[176/200] case 122  raw: dice=0.8198 clDice=0.9215 B0err=13 | pp: dice=0.8198 clDice=0.9214 B0err=8
[177/200] case 653  raw: dice=0.7551 clDice=0.8186 B0err=37 | pp: dice=0.7509 clDice=0.8223 B0err=7
[178/200] case 564  raw: dice=0.8362 clDice=0.8777 B0err=5 | pp: dice=0.8358 clDice=0.8835 B0err=1
[179/200] case 312  raw: dice=0.8287 clDice=0.8766 B0err=12 | pp: dice=0.8292 clDice=0.8838 B0err=2
[180/200] case 3  raw: dice=0.8350 clDice=0.8671 B0err=23 | pp: dice=0.8411 clDice=0.8796 B0err=4
[181/200] case 184  raw: dice=0.7551 clDice=0.7780 B0err=21 | pp: dice=0.7595 clDice=0.7959 B0err=6
[182/200] case 125  raw: dice=0.8470 clDice=0.8908 B0err=14 | pp: dice=0.8453 clDice=0.8812 B0err=3
[183/200] case 127  raw: dice=0.8569 clDice=0.8752 B0err=31 | pp: dice=0.8631 clDice=0.9126 B0err=5
[184/200] case 488  raw: dice=0.7857 clDice=0.8405 B0err=14 | pp: dice=0.7852 clDice=0.8406 B0err=1
[185/200] case 642  raw: dice=0.8617 clDice=0.9162 B0err=11 | pp: dice=0.8630 clDice=0.9234 B0err=2
[186/200] case 179  raw: dice=0.7407 clDice=0.7990 B0err=28 | pp: dice=0.7423 clDice=0.8032 B0err=8
[187/200] case 600  raw: dice=0.7771 clDice=0.8275 B0err=30 | pp: dice=0.7791 clDice=0.8372 B0err=4
[188/200] case 920  raw: dice=0.8116 clDice=0.8457 B0err=22 | pp: dice=0.8088 clDice=0.8600 B0err=1
[189/200] case 781  raw: dice=0.8164 clDice=0.8924 B0err=11 | pp: dice=0.8200 clDice=0.9017 B0err=4
[190/200] case 721  raw: dice=0.7770 clDice=0.8435 B0err=23 | pp: dice=0.7775 clDice=0.8446 B0err=0
[191/200] case 192  raw: dice=0.8488 clDice=0.9056 B0err=9 | pp: dice=0.8492 clDice=0.9043 B0err=1
[192/200] case 778  raw: dice=0.7959 clDice=0.8376 B0err=23 | pp: dice=0.7994 clDice=0.8572 B0err=1
[193/200] case 226  raw: dice=0.8080 clDice=0.8344 B0err=17 | pp: dice=0.8084 clDice=0.8367 B0err=6
[194/200] case 303  raw: dice=0.8578 clDice=0.9018 B0err=13 | pp: dice=0.8619 clDice=0.9187 B0err=3
[195/200] case 323  raw: dice=0.7439 clDice=0.8753 B0err=18 | pp: dice=0.7440 clDice=0.8838 B0err=3
[196/200] case 351  raw: dice=0.8398 clDice=0.9079 B0err=13 | pp: dice=0.8426 clDice=0.9157 B0err=1
[197/200] case 782  raw: dice=0.8235 clDice=0.8312 B0err=25 | pp: dice=0.8319 clDice=0.8558 B0err=7
[198/200] case 120  raw: dice=0.8371 clDice=0.9201 B0err=13 | pp: dice=0.8436 clDice=0.9373 B0err=2
[199/200] case 200  raw: dice=0.7185 clDice=0.7738 B0err=22 | pp: dice=0.7224 clDice=0.7878 B0err=1
[200/200] case 688  raw: dice=0.7521 clDice=0.8423 B0err=26 | pp: dice=0.7528 clDice=0.8497 B0err=2

===== 测试集均值 =====
  [原始] dice: 0.8003
  [原始] cldice: 0.8561
  [原始] betti0_err: 20.0800
  [原始] hd95: 25.1941
  [后处理] dice: 0.8027
  [后处理] cldice: 0.8670
  [后处理] betti0_err: 3.6800
  [后处理] hd95: 23.6571

结果已存: runs/exp_2p5d/test_final_tta.csv
推理作业 17088120 结束
