flatpak: /opt/apps/el9-fix/apps/binapps/anaconda3/2024.10/lib/libcrypto.so.3: version `OPENSSL_3.4.0' not found (required by /lib64/libostree-1.so.1)
flatpak: /opt/apps/el9-fix/apps/binapps/anaconda3/2024.10/lib/libcrypto.so.3: version `OPENSSL_3.4.0' not found (required by /lib64/librpmio.so.9)
作业 16094661 在 host.cluster.example.org 启动
CUDA: True NVIDIA A100-SXM4-80GB
2026-06-13 17:35:37 | INFO    | 设备: cuda
2026-06-13 17:35:37 | INFO    | GPU: NVIDIA A100-SXM4-80GB
/path/to/env/coronary/lib/python3.11/site-packages/monai/utils/deprecate_utils.py:321: FutureWarning: monai.transforms.spatial.dictionary Orientationd.__init__:labels: Current default value of argument `labels=(('L', 'R'), ('P', 'A'), ('I', 'S'))` was changed in version None from `labels=(('L', 'R'), ('P', 'A'), ('I', 'S'))` to `labels=None`. Default value changed to None meaning that the transform now uses the 'space' of a meta-tensor, if applicable, to determine appropriate axis labels.
  warn_deprecated(argname, msg, warning_category)
2026-06-13 17:35:37 | INFO    | 训练样本 700 | 验证样本 100
2026-06-13 17:35:39 | INFO    | 模型 segresnet, 参数量 18,796,002
/path/to/coronary-seg/scripts/train.py:68: FutureWarning: `torch.cuda.amp.GradScaler(args...)` is deprecated. Please use `torch.amp.GradScaler('cuda', args...)` instead.
  scaler = torch.cuda.amp.GradScaler(enabled=cfg.train.amp and device.type == "cuda")
2026-06-13 17:50:36 | INFO    | Epoch 0000 | loss 1.1314 | lr 2.00e-04 | 869.2s
2026-06-13 18:03:39 | INFO    | Epoch 0001 | loss 0.7472 | lr 2.00e-04 | 782.2s
2026-06-13 18:16:40 | INFO    | Epoch 0002 | loss 0.4684 | lr 2.00e-04 | 780.8s
2026-06-13 18:29:32 | INFO    | Epoch 0003 | loss 0.4080 | lr 2.00e-04 | 771.7s
2026-06-13 18:42:29 | INFO    | Epoch 0004 | loss 0.3760 | lr 2.00e-04 | 776.6s
2026-06-13 18:49:00 | INFO    |            >>> val Dice 0.5900 (best -1.0000)
2026-06-13 18:49:00 | INFO    |            *** 刷新最佳, 保存 best.pth (Dice=0.5900)
2026-06-13 19:01:56 | INFO    | Epoch 0005 | loss 0.3525 | lr 2.00e-04 | 776.0s
2026-06-13 19:15:00 | INFO    | Epoch 0006 | loss 0.3579 | lr 2.00e-04 | 783.7s
2026-06-13 19:28:05 | INFO    | Epoch 0007 | loss 0.3476 | lr 1.99e-04 | 785.0s
2026-06-13 19:41:10 | INFO    | Epoch 0008 | loss 0.3348 | lr 1.99e-04 | 784.1s
2026-06-13 19:54:05 | INFO    | Epoch 0009 | loss 0.3434 | lr 1.99e-04 | 774.4s
2026-06-13 20:00:30 | INFO    |            >>> val Dice 0.6591 (best 0.5900)
2026-06-13 20:00:30 | INFO    |            *** 刷新最佳, 保存 best.pth (Dice=0.6591)
2026-06-13 20:13:44 | INFO    | Epoch 0010 | loss 0.3363 | lr 1.99e-04 | 794.1s
2026-06-13 20:26:46 | INFO    | Epoch 0011 | loss 0.3267 | lr 1.99e-04 | 780.9s
2026-06-13 20:39:43 | INFO    | Epoch 0012 | loss 0.3273 | lr 1.99e-04 | 777.2s
2026-06-13 20:52:32 | INFO    | Epoch 0013 | loss 0.3200 | lr 1.98e-04 | 768.0s
2026-06-13 21:05:39 | INFO    | Epoch 0014 | loss 0.3193 | lr 1.98e-04 | 787.3s
2026-06-13 21:12:00 | INFO    |            >>> val Dice 0.6642 (best 0.6591)
2026-06-13 21:12:01 | INFO    |            *** 刷新最佳, 保存 best.pth (Dice=0.6642)
2026-06-13 21:25:10 | INFO    | Epoch 0015 | loss 0.3139 | lr 1.98e-04 | 789.1s
2026-06-13 21:38:15 | INFO    | Epoch 0016 | loss 0.3172 | lr 1.98e-04 | 784.9s
2026-06-13 21:51:25 | INFO    | Epoch 0017 | loss 0.3194 | lr 1.97e-04 | 789.9s
2026-06-13 22:04:23 | INFO    | Epoch 0018 | loss 0.3155 | lr 1.97e-04 | 776.6s
2026-06-13 22:17:29 | INFO    | Epoch 0019 | loss 0.3274 | lr 1.97e-04 | 785.9s
2026-06-13 22:23:47 | INFO    |            >>> val Dice 0.6130 (best 0.6642)
2026-06-13 22:37:08 | INFO    | Epoch 0020 | loss 0.3102 | lr 1.97e-04 | 800.3s
2026-06-13 22:50:15 | INFO    | Epoch 0021 | loss 0.3104 | lr 1.96e-04 | 786.7s
2026-06-13 23:03:17 | INFO    | Epoch 0022 | loss 0.3043 | lr 1.96e-04 | 782.3s
2026-06-13 23:16:16 | INFO    | Epoch 0023 | loss 0.3097 | lr 1.95e-04 | 778.1s
2026-06-13 23:29:23 | INFO    | Epoch 0024 | loss 0.3095 | lr 1.95e-04 | 787.2s
2026-06-13 23:35:43 | INFO    |            >>> val Dice 0.6910 (best 0.6642)
2026-06-13 23:35:44 | INFO    |            *** 刷新最佳, 保存 best.pth (Dice=0.6910)
2026-06-13 23:48:47 | INFO    | Epoch 0025 | loss 0.2972 | lr 1.95e-04 | 783.4s
2026-06-14 00:01:59 | INFO    | Epoch 0026 | loss 0.3057 | lr 1.94e-04 | 791.7s
2026-06-14 00:15:31 | INFO    | Epoch 0027 | loss 0.3052 | lr 1.94e-04 | 811.3s
2026-06-14 00:28:54 | INFO    | Epoch 0028 | loss 0.3041 | lr 1.93e-04 | 802.4s
2026-06-14 00:42:06 | INFO    | Epoch 0029 | loss 0.2978 | lr 1.93e-04 | 791.7s
2026-06-14 00:48:28 | INFO    |            >>> val Dice 0.7241 (best 0.6910)
2026-06-14 00:48:28 | INFO    |            *** 刷新最佳, 保存 best.pth (Dice=0.7241)
2026-06-14 01:01:27 | INFO    | Epoch 0030 | loss 0.2953 | lr 1.93e-04 | 779.2s
2026-06-14 01:14:23 | INFO    | Epoch 0031 | loss 0.3022 | lr 1.92e-04 | 775.6s
2026-06-14 01:27:30 | INFO    | Epoch 0032 | loss 0.2904 | lr 1.92e-04 | 786.1s
2026-06-14 01:40:51 | INFO    | Epoch 0033 | loss 0.3005 | lr 1.91e-04 | 800.3s
2026-06-14 01:54:06 | INFO    | Epoch 0034 | loss 0.2915 | lr 1.90e-04 | 794.8s
2026-06-14 02:00:28 | INFO    |            >>> val Dice 0.7167 (best 0.7241)
2026-06-14 02:13:39 | INFO    | Epoch 0035 | loss 0.2936 | lr 1.90e-04 | 791.2s
2026-06-14 02:26:48 | INFO    | Epoch 0036 | loss 0.2870 | lr 1.89e-04 | 787.4s
2026-06-14 02:39:58 | INFO    | Epoch 0037 | loss 0.2906 | lr 1.89e-04 | 789.8s
2026-06-14 02:53:05 | INFO    | Epoch 0038 | loss 0.2832 | lr 1.88e-04 | 787.0s
2026-06-14 03:06:15 | INFO    | Epoch 0039 | loss 0.3098 | lr 1.88e-04 | 788.5s
2026-06-14 03:12:35 | INFO    |            >>> val Dice 0.6772 (best 0.7241)
2026-06-14 03:25:58 | INFO    | Epoch 0040 | loss 0.2920 | lr 1.87e-04 | 803.1s
2026-06-14 03:39:09 | INFO    | Epoch 0041 | loss 0.2787 | lr 1.86e-04 | 790.5s
2026-06-14 03:52:29 | INFO    | Epoch 0042 | loss 0.2888 | lr 1.86e-04 | 799.5s
2026-06-14 04:06:08 | INFO    | Epoch 0043 | loss 0.3004 | lr 1.85e-04 | 818.8s
2026-06-14 04:19:23 | INFO    | Epoch 0044 | loss 0.3016 | lr 1.84e-04 | 794.2s
2026-06-14 04:25:44 | INFO    |            >>> val Dice 0.6698 (best 0.7241)
2026-06-14 04:38:58 | INFO    | Epoch 0045 | loss 0.2978 | lr 1.84e-04 | 793.3s
2026-06-14 04:51:59 | INFO    | Epoch 0046 | loss 0.2941 | lr 1.83e-04 | 781.1s
2026-06-14 05:04:23 | INFO    | Epoch 0047 | loss 0.2867 | lr 1.82e-04 | 742.9s
2026-06-14 05:16:48 | INFO    | Epoch 0048 | loss 0.2877 | lr 1.82e-04 | 744.9s
2026-06-14 05:29:24 | INFO    | Epoch 0049 | loss 0.2927 | lr 1.81e-04 | 755.6s
2026-06-14 05:35:44 | INFO    |            >>> val Dice 0.7283 (best 0.7241)
2026-06-14 05:35:45 | INFO    |            *** 刷新最佳, 保存 best.pth (Dice=0.7283)
2026-06-14 05:48:59 | INFO    | Epoch 0050 | loss 0.2756 | lr 1.80e-04 | 793.9s
2026-06-14 06:02:10 | INFO    | Epoch 0051 | loss 0.2854 | lr 1.79e-04 | 791.0s
2026-06-14 06:14:49 | INFO    | Epoch 0052 | loss 0.2771 | lr 1.79e-04 | 758.1s
2026-06-14 06:27:28 | INFO    | Epoch 0053 | loss 0.2879 | lr 1.78e-04 | 758.4s
2026-06-14 06:39:54 | INFO    | Epoch 0054 | loss 0.2849 | lr 1.77e-04 | 746.4s
2026-06-14 06:46:15 | INFO    |            >>> val Dice 0.6050 (best 0.7283)
2026-06-14 06:59:04 | INFO    | Epoch 0055 | loss 0.3007 | lr 1.76e-04 | 769.0s
2026-06-14 07:12:21 | INFO    | Epoch 0056 | loss 0.2795 | lr 1.75e-04 | 796.0s
2026-06-14 07:25:48 | INFO    | Epoch 0057 | loss 0.2858 | lr 1.75e-04 | 806.5s
2026-06-14 07:39:20 | INFO    | Epoch 0058 | loss 0.2742 | lr 1.74e-04 | 811.6s
2026-06-14 07:52:31 | INFO    | Epoch 0059 | loss 0.2803 | lr 1.73e-04 | 790.6s
2026-06-14 07:58:50 | INFO    |            >>> val Dice 0.6763 (best 0.7283)
2026-06-14 08:12:10 | INFO    | Epoch 0060 | loss 0.2820 | lr 1.72e-04 | 799.2s
2026-06-14 08:25:23 | INFO    | Epoch 0061 | loss 0.2775 | lr 1.71e-04 | 793.0s
2026-06-14 08:38:46 | INFO    | Epoch 0062 | loss 0.2726 | lr 1.70e-04 | 801.8s
2026-06-14 08:52:02 | INFO    | Epoch 0063 | loss 0.2832 | lr 1.69e-04 | 795.8s
2026-06-14 09:05:20 | INFO    | Epoch 0064 | loss 0.2751 | lr 1.68e-04 | 797.6s
2026-06-14 09:11:42 | INFO    |            >>> val Dice 0.7597 (best 0.7283)
2026-06-14 09:11:42 | INFO    |            *** 刷新最佳, 保存 best.pth (Dice=0.7597)
2026-06-14 09:24:56 | INFO    | Epoch 0065 | loss 0.2790 | lr 1.68e-04 | 793.6s
2026-06-14 09:38:02 | INFO    | Epoch 0066 | loss 0.2806 | lr 1.67e-04 | 786.2s
2026-06-14 09:50:33 | INFO    | Epoch 0067 | loss 0.2747 | lr 1.66e-04 | 750.2s
2026-06-14 10:02:55 | INFO    | Epoch 0068 | loss 0.2758 | lr 1.65e-04 | 741.7s
2026-06-14 10:15:22 | INFO    | Epoch 0069 | loss 0.2705 | lr 1.64e-04 | 746.6s
2026-06-14 10:21:44 | INFO    |            >>> val Dice 0.7175 (best 0.7597)
2026-06-14 10:34:29 | INFO    | Epoch 0070 | loss 0.2671 | lr 1.63e-04 | 765.1s
2026-06-14 10:47:03 | INFO    | Epoch 0071 | loss 0.2621 | lr 1.62e-04 | 753.4s
2026-06-14 10:59:35 | INFO    | Epoch 0072 | loss 0.2793 | lr 1.61e-04 | 751.5s
2026-06-14 11:12:03 | INFO    | Epoch 0073 | loss 0.2618 | lr 1.60e-04 | 748.0s
2026-06-14 11:24:30 | INFO    | Epoch 0074 | loss 0.2702 | lr 1.59e-04 | 746.6s
2026-06-14 11:30:55 | INFO    |            >>> val Dice 0.7480 (best 0.7597)
2026-06-14 11:43:37 | INFO    | Epoch 0075 | loss 0.2657 | lr 1.58e-04 | 761.9s
2026-06-14 11:56:02 | INFO    | Epoch 0076 | loss 0.2627 | lr 1.57e-04 | 744.4s
2026-06-14 12:08:28 | INFO    | Epoch 0077 | loss 0.2729 | lr 1.56e-04 | 745.0s
2026-06-14 12:21:00 | INFO    | Epoch 0078 | loss 0.2763 | lr 1.55e-04 | 751.7s
2026-06-14 12:33:26 | INFO    | Epoch 0079 | loss 0.2715 | lr 1.54e-04 | 745.4s
2026-06-14 12:39:45 | INFO    |            >>> val Dice 0.7582 (best 0.7597)
2026-06-14 12:52:21 | INFO    | Epoch 0080 | loss 0.2613 | lr 1.53e-04 | 755.9s
2026-06-14 13:04:48 | INFO    | Epoch 0081 | loss 0.2663 | lr 1.51e-04 | 747.4s
2026-06-14 13:17:11 | INFO    | Epoch 0082 | loss 0.2721 | lr 1.50e-04 | 742.1s
2026-06-14 13:29:35 | INFO    | Epoch 0083 | loss 0.2677 | lr 1.49e-04 | 743.8s
2026-06-14 13:41:58 | INFO    | Epoch 0084 | loss 0.2589 | lr 1.48e-04 | 742.2s
2026-06-14 13:48:17 | INFO    |            >>> val Dice 0.7492 (best 0.7597)
2026-06-14 14:00:55 | INFO    | Epoch 0085 | loss 0.2720 | lr 1.47e-04 | 757.3s
2026-06-14 14:13:18 | INFO    | Epoch 0086 | loss 0.2681 | lr 1.46e-04 | 743.1s
2026-06-14 14:25:36 | INFO    | Epoch 0087 | loss 0.2701 | lr 1.45e-04 | 737.9s
2026-06-14 14:38:02 | INFO    | Epoch 0088 | loss 0.2572 | lr 1.44e-04 | 745.5s
2026-06-14 14:50:14 | INFO    | Epoch 0089 | loss 0.2596 | lr 1.43e-04 | 730.8s
2026-06-14 14:56:30 | INFO    |            >>> val Dice 0.7706 (best 0.7597)
2026-06-14 14:56:30 | INFO    |            *** 刷新最佳, 保存 best.pth (Dice=0.7706)
2026-06-14 15:09:23 | INFO    | Epoch 0090 | loss 0.2558 | lr 1.41e-04 | 773.1s
2026-06-14 15:21:38 | INFO    | Epoch 0091 | loss 0.2596 | lr 1.40e-04 | 732.9s
2026-06-14 15:33:51 | INFO    | Epoch 0092 | loss 0.2599 | lr 1.39e-04 | 733.0s
2026-06-14 15:46:10 | INFO    | Epoch 0093 | loss 0.2530 | lr 1.38e-04 | 738.7s
2026-06-14 15:58:32 | INFO    | Epoch 0094 | loss 0.2575 | lr 1.37e-04 | 741.0s
2026-06-14 16:04:52 | INFO    |            >>> val Dice 0.7698 (best 0.7706)
2026-06-14 16:17:16 | INFO    | Epoch 0095 | loss 0.2583 | lr 1.36e-04 | 743.7s
2026-06-14 16:29:33 | INFO    | Epoch 0096 | loss 0.2522 | lr 1.34e-04 | 737.4s
2026-06-14 16:41:46 | INFO    | Epoch 0097 | loss 0.2572 | lr 1.33e-04 | 732.3s
2026-06-14 16:54:03 | INFO    | Epoch 0098 | loss 0.2682 | lr 1.32e-04 | 737.0s
2026-06-14 17:06:21 | INFO    | Epoch 0099 | loss 0.2564 | lr 1.31e-04 | 737.5s
2026-06-14 17:12:44 | INFO    |            >>> val Dice 0.7708 (best 0.7706)
2026-06-14 17:12:44 | INFO    |            *** 刷新最佳, 保存 best.pth (Dice=0.7708)
2026-06-14 17:25:22 | INFO    | Epoch 0100 | loss 0.2576 | lr 1.30e-04 | 757.6s
2026-06-14 17:37:39 | INFO    | Epoch 0101 | loss 0.2605 | lr 1.29e-04 | 736.3s
2026-06-14 17:50:01 | INFO    | Epoch 0102 | loss 0.2506 | lr 1.27e-04 | 741.7s
2026-06-14 18:02:23 | INFO    | Epoch 0103 | loss 0.2584 | lr 1.26e-04 | 742.0s
2026-06-14 18:14:50 | INFO    | Epoch 0104 | loss 0.2547 | lr 1.25e-04 | 745.9s
2026-06-14 18:21:09 | INFO    |            >>> val Dice 0.7832 (best 0.7708)
2026-06-14 18:21:09 | INFO    |            *** 刷新最佳, 保存 best.pth (Dice=0.7832)
2026-06-14 18:38:04 | INFO    | Epoch 0105 | loss 0.2574 | lr 1.24e-04 | 1015.0s
2026-06-14 18:50:33 | INFO    | Epoch 0106 | loss 0.2463 | lr 1.22e-04 | 748.5s
2026-06-14 19:02:52 | INFO    | Epoch 0107 | loss 0.2519 | lr 1.21e-04 | 738.3s
2026-06-14 19:15:17 | INFO    | Epoch 0108 | loss 0.2532 | lr 1.20e-04 | 744.8s
2026-06-14 19:27:41 | INFO    | Epoch 0109 | loss 0.2594 | lr 1.19e-04 | 743.3s
2026-06-14 19:34:03 | INFO    |            >>> val Dice 0.7684 (best 0.7832)
2026-06-14 19:46:32 | INFO    | Epoch 0110 | loss 0.2529 | lr 1.18e-04 | 748.6s
2026-06-14 19:58:57 | INFO    | Epoch 0111 | loss 0.2535 | lr 1.16e-04 | 745.0s
2026-06-14 20:11:20 | INFO    | Epoch 0112 | loss 0.2510 | lr 1.15e-04 | 742.8s
2026-06-14 20:23:49 | INFO    | Epoch 0113 | loss 0.2466 | lr 1.14e-04 | 747.2s
2026-06-14 20:36:05 | INFO    | Epoch 0114 | loss 0.2642 | lr 1.13e-04 | 736.1s
2026-06-14 20:42:27 | INFO    |            >>> val Dice 0.7760 (best 0.7832)
2026-06-14 20:54:53 | INFO    | Epoch 0115 | loss 0.2519 | lr 1.11e-04 | 746.1s
2026-06-14 21:07:18 | INFO    | Epoch 0116 | loss 0.2466 | lr 1.10e-04 | 744.6s
2026-06-14 21:19:34 | INFO    | Epoch 0117 | loss 0.2527 | lr 1.09e-04 | 735.8s
2026-06-14 21:31:52 | INFO    | Epoch 0118 | loss 0.2478 | lr 1.08e-04 | 737.8s
2026-06-14 21:44:17 | INFO    | Epoch 0119 | loss 0.2434 | lr 1.06e-04 | 744.4s
2026-06-14 21:50:40 | INFO    |            >>> val Dice 0.7687 (best 0.7832)
2026-06-14 22:03:06 | INFO    | Epoch 0120 | loss 0.2550 | lr 1.05e-04 | 746.7s
2026-06-14 22:15:25 | INFO    | Epoch 0121 | loss 0.2496 | lr 1.04e-04 | 738.3s
2026-06-14 22:27:48 | INFO    | Epoch 0122 | loss 0.2483 | lr 1.03e-04 | 741.9s
2026-06-14 22:40:32 | INFO    | Epoch 0123 | loss 0.2541 | lr 1.01e-04 | 740.2s
2026-06-14 22:52:43 | INFO    | Epoch 0124 | loss 0.2591 | lr 1.00e-04 | 730.2s
2026-06-14 22:59:06 | INFO    |            >>> val Dice 0.7680 (best 0.7832)
2026-06-14 23:11:34 | INFO    | Epoch 0125 | loss 0.2523 | lr 9.87e-05 | 747.7s
2026-06-14 23:23:49 | INFO    | Epoch 0126 | loss 0.2388 | lr 9.75e-05 | 734.7s
2026-06-14 23:36:17 | INFO    | Epoch 0127 | loss 0.2431 | lr 9.62e-05 | 746.9s
2026-06-14 23:48:39 | INFO    | Epoch 0128 | loss 0.2392 | lr 9.50e-05 | 742.1s
2026-06-15 00:00:58 | INFO    | Epoch 0129 | loss 0.2451 | lr 9.37e-05 | 738.8s
2026-06-15 00:07:15 | INFO    |            >>> val Dice 0.7798 (best 0.7832)
2026-06-15 00:19:48 | INFO    | Epoch 0130 | loss 0.2504 | lr 9.25e-05 | 753.2s
2026-06-15 00:32:18 | INFO    | Epoch 0131 | loss 0.2462 | lr 9.12e-05 | 748.0s
2026-06-15 00:44:34 | INFO    | Epoch 0132 | loss 0.2487 | lr 9.00e-05 | 736.2s
2026-06-15 00:56:54 | INFO    | Epoch 0133 | loss 0.2447 | lr 8.87e-05 | 738.8s
2026-06-15 01:09:19 | INFO    | Epoch 0134 | loss 0.2509 | lr 8.75e-05 | 744.6s
2026-06-15 01:15:43 | INFO    |            >>> val Dice 0.7874 (best 0.7832)
2026-06-15 01:15:44 | INFO    |            *** 刷新最佳, 保存 best.pth (Dice=0.7874)
2026-06-15 01:28:11 | INFO    | Epoch 0135 | loss 0.2400 | lr 8.62e-05 | 747.6s
2026-06-15 01:40:29 | INFO    | Epoch 0136 | loss 0.2463 | lr 8.50e-05 | 737.5s
2026-06-15 01:52:51 | INFO    | Epoch 0137 | loss 0.2444 | lr 8.37e-05 | 741.6s
2026-06-15 02:05:11 | INFO    | Epoch 0138 | loss 0.2471 | lr 8.25e-05 | 739.4s
2026-06-15 02:17:29 | INFO    | Epoch 0139 | loss 0.2467 | lr 8.13e-05 | 737.0s
2026-06-15 02:23:48 | INFO    |            >>> val Dice 0.7802 (best 0.7874)
2026-06-15 02:36:22 | INFO    | Epoch 0140 | loss 0.2508 | lr 8.00e-05 | 753.9s
2026-06-15 02:48:51 | INFO    | Epoch 0141 | loss 0.2449 | lr 7.88e-05 | 748.3s
2026-06-15 03:01:10 | INFO    | Epoch 0142 | loss 0.2446 | lr 7.76e-05 | 738.5s
2026-06-15 03:13:34 | INFO    | Epoch 0143 | loss 0.2441 | lr 7.64e-05 | 743.7s
2026-06-15 03:25:55 | INFO    | Epoch 0144 | loss 0.2483 | lr 7.51e-05 | 741.3s
2026-06-15 03:32:20 | INFO    |            >>> val Dice 0.7902 (best 0.7874)
2026-06-15 03:32:20 | INFO    |            *** 刷新最佳, 保存 best.pth (Dice=0.7902)
2026-06-15 03:44:50 | INFO    | Epoch 0145 | loss 0.2310 | lr 7.39e-05 | 749.8s
2026-06-15 03:57:09 | INFO    | Epoch 0146 | loss 0.2507 | lr 7.27e-05 | 738.3s
2026-06-15 04:09:32 | INFO    | Epoch 0147 | loss 0.2526 | lr 7.15e-05 | 743.3s
2026-06-15 04:21:59 | INFO    | Epoch 0148 | loss 0.2410 | lr 7.03e-05 | 745.8s
2026-06-15 04:34:19 | INFO    | Epoch 0149 | loss 0.2388 | lr 6.91e-05 | 740.5s
2026-06-15 04:40:38 | INFO    |            >>> val Dice 0.7866 (best 0.7902)
2026-06-15 04:53:14 | INFO    | Epoch 0150 | loss 0.2375 | lr 6.79e-05 | 756.1s
2026-06-15 05:05:37 | INFO    | Epoch 0151 | loss 0.2357 | lr 6.67e-05 | 741.9s
2026-06-15 05:17:57 | INFO    | Epoch 0152 | loss 0.2412 | lr 6.55e-05 | 740.4s
2026-06-15 05:30:15 | INFO    | Epoch 0153 | loss 0.2391 | lr 6.44e-05 | 737.1s
2026-06-15 05:42:31 | INFO    | Epoch 0154 | loss 0.2416 | lr 6.32e-05 | 735.8s
2026-06-15 05:48:50 | INFO    |            >>> val Dice 0.7862 (best 0.7902)
2026-06-15 06:01:19 | INFO    | Epoch 0155 | loss 0.2380 | lr 6.20e-05 | 749.5s
2026-06-15 06:13:45 | INFO    | Epoch 0156 | loss 0.2293 | lr 6.09e-05 | 745.5s
2026-06-15 06:26:07 | INFO    | Epoch 0157 | loss 0.2387 | lr 5.97e-05 | 741.3s
2026-06-15 06:38:29 | INFO    | Epoch 0158 | loss 0.2415 | lr 5.86e-05 | 741.7s
2026-06-15 06:50:47 | INFO    | Epoch 0159 | loss 0.2445 | lr 5.74e-05 | 737.1s
2026-06-15 06:57:09 | INFO    |            >>> val Dice 0.7974 (best 0.7902)
2026-06-15 06:57:09 | INFO    |            *** 刷新最佳, 保存 best.pth (Dice=0.7974)
2026-06-15 07:09:40 | INFO    | Epoch 0160 | loss 0.2289 | lr 5.63e-05 | 750.8s
2026-06-15 07:22:05 | INFO    | Epoch 0161 | loss 0.2409 | lr 5.52e-05 | 745.0s
2026-06-15 07:34:37 | INFO    | Epoch 0162 | loss 0.2351 | lr 5.40e-05 | 751.5s
2026-06-15 07:47:03 | INFO    | Epoch 0163 | loss 0.2337 | lr 5.29e-05 | 745.2s
2026-06-15 07:59:25 | INFO    | Epoch 0164 | loss 0.2362 | lr 5.18e-05 | 741.0s
2026-06-15 08:05:45 | INFO    |            >>> val Dice 0.7964 (best 0.7974)
2026-06-15 08:18:16 | INFO    | Epoch 0165 | loss 0.2356 | lr 5.07e-05 | 751.4s
2026-06-15 08:30:41 | INFO    | Epoch 0166 | loss 0.2419 | lr 4.96e-05 | 744.3s
2026-06-15 08:42:59 | INFO    | Epoch 0167 | loss 0.2420 | lr 4.86e-05 | 737.6s
2026-06-15 08:55:24 | INFO    | Epoch 0168 | loss 0.2426 | lr 4.75e-05 | 744.9s
2026-06-15 09:07:44 | INFO    | Epoch 0169 | loss 0.2359 | lr 4.64e-05 | 739.7s
2026-06-15 09:14:02 | INFO    |            >>> val Dice 0.8013 (best 0.7974)
2026-06-15 09:14:03 | INFO    |            *** 刷新最佳, 保存 best.pth (Dice=0.8013)
2026-06-15 09:26:34 | INFO    | Epoch 0170 | loss 0.2389 | lr 4.54e-05 | 750.9s
2026-06-15 09:39:09 | INFO    | Epoch 0171 | loss 0.2444 | lr 4.43e-05 | 755.1s
2026-06-15 09:51:27 | INFO    | Epoch 0172 | loss 0.2431 | lr 4.33e-05 | 737.6s
2026-06-15 10:03:48 | INFO    | Epoch 0173 | loss 0.2372 | lr 4.22e-05 | 740.2s
2026-06-15 10:16:27 | INFO    | Epoch 0174 | loss 0.2289 | lr 4.12e-05 | 759.3s
2026-06-15 10:22:49 | INFO    |            >>> val Dice 0.8028 (best 0.8013)
2026-06-15 10:22:50 | INFO    |            *** 刷新最佳, 保存 best.pth (Dice=0.8028)
2026-06-15 10:35:23 | INFO    | Epoch 0175 | loss 0.2361 | lr 4.02e-05 | 753.6s
2026-06-15 10:47:47 | INFO    | Epoch 0176 | loss 0.2387 | lr 3.92e-05 | 743.3s
2026-06-15 11:00:06 | INFO    | Epoch 0177 | loss 0.2380 | lr 3.82e-05 | 738.9s
2026-06-15 11:12:29 | INFO    | Epoch 0178 | loss 0.2370 | lr 3.72e-05 | 741.6s
2026-06-15 11:24:57 | INFO    | Epoch 0179 | loss 0.2333 | lr 3.63e-05 | 747.0s
2026-06-15 11:31:19 | INFO    |            >>> val Dice 0.7948 (best 0.8028)
2026-06-15 11:43:46 | INFO    | Epoch 0180 | loss 0.2391 | lr 3.53e-05 | 746.9s
2026-06-15 11:56:08 | INFO    | Epoch 0181 | loss 0.2328 | lr 3.43e-05 | 741.3s
2026-06-15 12:08:36 | INFO    | Epoch 0182 | loss 0.2468 | lr 3.34e-05 | 747.3s
2026-06-15 12:20:55 | INFO    | Epoch 0183 | loss 0.2286 | lr 3.25e-05 | 739.1s
2026-06-15 12:33:15 | INFO    | Epoch 0184 | loss 0.2277 | lr 3.15e-05 | 739.2s
2026-06-15 12:39:38 | INFO    |            >>> val Dice 0.8050 (best 0.8028)
2026-06-15 12:39:38 | INFO    |            *** 刷新最佳, 保存 best.pth (Dice=0.8050)
2026-06-15 12:52:09 | INFO    | Epoch 0185 | loss 0.2275 | lr 3.06e-05 | 750.3s
2026-06-15 13:04:22 | INFO    | Epoch 0186 | loss 0.2325 | lr 2.97e-05 | 733.2s
2026-06-15 13:16:43 | INFO    | Epoch 0187 | loss 0.2353 | lr 2.88e-05 | 740.1s
2026-06-15 13:29:06 | INFO    | Epoch 0188 | loss 0.2283 | lr 2.80e-05 | 742.6s
2026-06-15 13:41:28 | INFO    | Epoch 0189 | loss 0.2330 | lr 2.71e-05 | 741.4s
2026-06-15 13:47:47 | INFO    |            >>> val Dice 0.8032 (best 0.8050)
2026-06-15 14:00:19 | INFO    | Epoch 0190 | loss 0.2253 | lr 2.62e-05 | 751.6s
2026-06-15 14:12:46 | INFO    | Epoch 0191 | loss 0.2306 | lr 2.54e-05 | 746.7s
2026-06-15 14:25:08 | INFO    | Epoch 0192 | loss 0.2291 | lr 2.46e-05 | 741.5s
2026-06-15 14:37:35 | INFO    | Epoch 0193 | loss 0.2310 | lr 2.38e-05 | 746.6s
2026-06-15 14:50:01 | INFO    | Epoch 0194 | loss 0.2339 | lr 2.29e-05 | 745.4s
2026-06-15 14:56:27 | INFO    |            >>> val Dice 0.8020 (best 0.8050)
2026-06-15 15:08:45 | INFO    | Epoch 0195 | loss 0.2363 | lr 2.22e-05 | 738.8s
2026-06-15 15:21:01 | INFO    | Epoch 0196 | loss 0.2306 | lr 2.14e-05 | 735.0s
2026-06-15 15:33:23 | INFO    | Epoch 0197 | loss 0.2273 | lr 2.06e-05 | 741.8s
2026-06-15 15:45:40 | INFO    | Epoch 0198 | loss 0.2384 | lr 1.98e-05 | 736.5s
2026-06-15 15:58:01 | INFO    | Epoch 0199 | loss 0.2198 | lr 1.91e-05 | 740.4s
2026-06-15 16:04:22 | INFO    |            >>> val Dice 0.8070 (best 0.8050)
2026-06-15 16:04:22 | INFO    |            *** 刷新最佳, 保存 best.pth (Dice=0.8070)
2026-06-15 16:16:55 | INFO    | Epoch 0200 | loss 0.2252 | lr 1.84e-05 | 752.1s
2026-06-15 16:29:15 | INFO    | Epoch 0201 | loss 0.2219 | lr 1.76e-05 | 739.8s
2026-06-15 16:41:37 | INFO    | Epoch 0202 | loss 0.2288 | lr 1.69e-05 | 742.0s
2026-06-15 16:54:05 | INFO    | Epoch 0203 | loss 0.2247 | lr 1.62e-05 | 746.9s
2026-06-15 17:06:37 | INFO    | Epoch 0204 | loss 0.2299 | lr 1.56e-05 | 751.9s
2026-06-15 17:13:01 | INFO    |            >>> val Dice 0.8073 (best 0.8070)
2026-06-15 17:13:02 | INFO    |            *** 刷新最佳, 保存 best.pth (Dice=0.8073)
2026-06-15 17:25:33 | INFO    | Epoch 0205 | loss 0.2297 | lr 1.49e-05 | 750.9s
2026-06-15 17:37:52 | INFO    | Epoch 0206 | loss 0.2235 | lr 1.42e-05 | 739.0s
2026-06-15 17:50:14 | INFO    | Epoch 0207 | loss 0.2268 | lr 1.36e-05 | 742.0s
2026-06-15 18:02:36 | INFO    | Epoch 0208 | loss 0.2306 | lr 1.30e-05 | 741.6s
2026-06-15 18:15:04 | INFO    | Epoch 0209 | loss 0.2253 | lr 1.24e-05 | 746.7s
2026-06-15 18:21:24 | INFO    |            >>> val Dice 0.8091 (best 0.8073)
2026-06-15 18:21:25 | INFO    |            *** 刷新最佳, 保存 best.pth (Dice=0.8091)
2026-06-15 18:34:06 | INFO    | Epoch 0210 | loss 0.2277 | lr 1.18e-05 | 761.2s
2026-06-15 18:46:39 | INFO    | Epoch 0211 | loss 0.2386 | lr 1.12e-05 | 752.5s
2026-06-15 18:58:58 | INFO    | Epoch 0212 | loss 0.2333 | lr 1.06e-05 | 738.3s
2026-06-15 19:11:17 | INFO    | Epoch 0213 | loss 0.2249 | lr 1.01e-05 | 739.0s
2026-06-15 19:23:51 | INFO    | Epoch 0214 | loss 0.2243 | lr 9.52e-06 | 752.9s
2026-06-15 19:30:08 | INFO    |            >>> val Dice 0.8097 (best 0.8091)
2026-06-15 19:30:09 | INFO    |            *** 刷新最佳, 保存 best.pth (Dice=0.8097)
2026-06-15 19:42:41 | INFO    | Epoch 0215 | loss 0.2299 | lr 8.99e-06 | 752.6s
2026-06-15 19:55:02 | INFO    | Epoch 0216 | loss 0.2275 | lr 8.48e-06 | 739.9s
2026-06-15 20:07:15 | INFO    | Epoch 0217 | loss 0.2278 | lr 7.98e-06 | 733.0s
2026-06-15 20:19:35 | INFO    | Epoch 0218 | loss 0.2275 | lr 7.49e-06 | 740.2s
2026-06-15 20:31:59 | INFO    | Epoch 0219 | loss 0.2317 | lr 7.02e-06 | 743.0s
2026-06-15 20:38:16 | INFO    |            >>> val Dice 0.8084 (best 0.8097)
2026-06-15 20:50:50 | INFO    | Epoch 0220 | loss 0.2336 | lr 6.57e-06 | 754.4s
2026-06-15 21:03:11 | INFO    | Epoch 0221 | loss 0.2390 | lr 6.13e-06 | 740.5s
2026-06-15 21:15:32 | INFO    | Epoch 0222 | loss 0.2268 | lr 5.70e-06 | 740.2s
2026-06-15 21:27:46 | INFO    | Epoch 0223 | loss 0.2257 | lr 5.29e-06 | 733.6s
2026-06-15 21:40:04 | INFO    | Epoch 0224 | loss 0.2269 | lr 4.89e-06 | 736.5s
2026-06-15 21:46:25 | INFO    |            >>> val Dice 0.8096 (best 0.8097)
2026-06-15 21:58:46 | INFO    | Epoch 0225 | loss 0.2338 | lr 4.51e-06 | 741.0s
2026-06-15 22:11:02 | INFO    | Epoch 0226 | loss 0.2186 | lr 4.15e-06 | 736.2s
2026-06-15 22:23:23 | INFO    | Epoch 0227 | loss 0.2207 | lr 3.80e-06 | 740.4s
2026-06-15 22:35:42 | INFO    | Epoch 0228 | loss 0.2272 | lr 3.46e-06 | 737.8s
2026-06-15 22:48:08 | INFO    | Epoch 0229 | loss 0.2227 | lr 3.14e-06 | 745.5s
2026-06-15 22:54:31 | INFO    |            >>> val Dice 0.8095 (best 0.8097)
2026-06-15 23:07:01 | INFO    | Epoch 0230 | loss 0.2261 | lr 2.84e-06 | 750.0s
2026-06-15 23:19:19 | INFO    | Epoch 0231 | loss 0.2218 | lr 2.55e-06 | 737.3s
2026-06-15 23:31:42 | INFO    | Epoch 0232 | loss 0.2291 | lr 2.27e-06 | 742.5s
2026-06-15 23:43:59 | INFO    | Epoch 0233 | loss 0.2220 | lr 2.01e-06 | 736.3s
2026-06-15 23:56:24 | INFO    | Epoch 0234 | loss 0.2262 | lr 1.77e-06 | 744.8s
2026-06-16 00:02:48 | INFO    |            >>> val Dice 0.8099 (best 0.8097)
2026-06-16 00:02:49 | INFO    |            *** 刷新最佳, 保存 best.pth (Dice=0.8099)
2026-06-16 00:15:14 | INFO    | Epoch 0235 | loss 0.2265 | lr 1.54e-06 | 744.6s
2026-06-16 00:27:30 | INFO    | Epoch 0236 | loss 0.2270 | lr 1.33e-06 | 735.5s
2026-06-16 00:39:54 | INFO    | Epoch 0237 | loss 0.2239 | lr 1.13e-06 | 743.9s
2026-06-16 00:52:12 | INFO    | Epoch 0238 | loss 0.2190 | lr 9.54e-07 | 736.0s
2026-06-16 01:04:37 | INFO    | Epoch 0239 | loss 0.2215 | lr 7.89e-07 | 745.2s
2026-06-16 01:10:57 | INFO    |            >>> val Dice 0.8097 (best 0.8099)
2026-06-16 01:23:24 | INFO    | Epoch 0240 | loss 0.2195 | lr 6.39e-07 | 746.6s
2026-06-16 01:35:43 | INFO    | Epoch 0241 | loss 0.2210 | lr 5.05e-07 | 738.5s
2026-06-16 01:48:01 | INFO    | Epoch 0242 | loss 0.2195 | lr 3.87e-07 | 737.4s
2026-06-16 02:00:24 | INFO    | Epoch 0243 | loss 0.2197 | lr 2.84e-07 | 742.0s
2026-06-16 02:12:46 | INFO    | Epoch 0244 | loss 0.2234 | lr 1.97e-07 | 742.5s
2026-06-16 02:19:06 | INFO    |            >>> val Dice 0.8098 (best 0.8099)
2026-06-16 02:31:31 | INFO    | Epoch 0245 | loss 0.2187 | lr 1.26e-07 | 745.4s
2026-06-16 02:43:57 | INFO    | Epoch 0246 | loss 0.2262 | lr 7.11e-08 | 745.4s
2026-06-16 02:56:16 | INFO    | Epoch 0247 | loss 0.2255 | lr 3.16e-08 | 738.2s
2026-06-16 03:08:30 | INFO    | Epoch 0248 | loss 0.2240 | lr 7.90e-09 | 733.6s
2026-06-16 03:20:48 | INFO    | Epoch 0249 | loss 0.2221 | lr 0.00e+00 | 737.6s
2026-06-16 03:27:09 | INFO    |            >>> val Dice 0.8098 (best 0.8099)
2026-06-16 03:27:09 | INFO    | 训练完成. 最佳验证 Dice = 0.8099
作业 16094661 结束
