作业 16038951 在 host.cluster.example.org 启动
CUDA: True NVIDIA A100-SXM4-80GB
2026-06-11 11:18:39 | INFO    | 设备: cuda
2026-06-11 11:18:39 | INFO    | GPU: NVIDIA A100-SXM4-80GB
/path/to/env/coronary/lib/python3.11/site-packages/monai/utils/deprecate_utils.py:321: FutureWarning: monai.transforms.spatial.dictionary Orientationd.__init__:labels: Current default value of argument `labels=(('L', 'R'), ('P', 'A'), ('I', 'S'))` was changed in version None from `labels=(('L', 'R'), ('P', 'A'), ('I', 'S'))` to `labels=None`. Default value changed to None meaning that the transform now uses the 'space' of a meta-tensor, if applicable, to determine appropriate axis labels.
  warn_deprecated(argname, msg, warning_category)
2026-06-11 11:18:39 | INFO    | 训练样本 700 | 验证样本 100
2026-06-11 11:18:39 | INFO    | 模型 unet, 参数量 4,806,481
/path/to/coronary-seg/scripts/train.py:68: FutureWarning: `torch.cuda.amp.GradScaler(args...)` is deprecated. Please use `torch.amp.GradScaler('cuda', args...)` instead.
  scaler = torch.cuda.amp.GradScaler(enabled=cfg.train.amp and device.type == "cuda")
2026-06-11 11:33:19 | INFO    | Epoch 0000 | loss 1.4195 | lr 2.00e-04 | 876.8s
2026-06-11 11:47:34 | INFO    | Epoch 0001 | loss 1.0810 | lr 2.00e-04 | 854.3s
2026-06-11 12:01:54 | INFO    | Epoch 0002 | loss 0.8846 | lr 2.00e-04 | 860.3s
2026-06-11 12:16:04 | INFO    | Epoch 0003 | loss 0.6259 | lr 2.00e-04 | 849.7s
2026-06-11 12:30:24 | INFO    | Epoch 0004 | loss 0.4656 | lr 2.00e-04 | 859.5s
2026-06-11 12:32:38 | INFO    |            >>> val Dice 0.5770 (best -1.0000)
2026-06-11 12:32:39 | INFO    |            *** 刷新最佳, 保存 best.pth (Dice=0.5770)
2026-06-11 12:47:33 | INFO    | Epoch 0005 | loss 0.4163 | lr 2.00e-04 | 894.7s
2026-06-11 13:01:51 | INFO    | Epoch 0006 | loss 0.3938 | lr 2.00e-04 | 858.0s
2026-06-11 13:16:46 | INFO    | Epoch 0007 | loss 0.3645 | lr 2.00e-04 | 894.7s
2026-06-11 13:30:59 | INFO    | Epoch 0008 | loss 0.3635 | lr 2.00e-04 | 852.2s
2026-06-11 13:45:29 | INFO    | Epoch 0009 | loss 0.3536 | lr 2.00e-04 | 870.5s
2026-06-11 13:47:46 | INFO    |            >>> val Dice 0.6804 (best 0.5770)
2026-06-11 13:47:46 | INFO    |            *** 刷新最佳, 保存 best.pth (Dice=0.6804)
2026-06-11 14:02:31 | INFO    | Epoch 0010 | loss 0.3481 | lr 2.00e-04 | 884.6s
2026-06-11 14:17:04 | INFO    | Epoch 0011 | loss 0.3383 | lr 2.00e-04 | 873.0s
2026-06-11 14:31:26 | INFO    | Epoch 0012 | loss 0.3386 | lr 2.00e-04 | 861.6s
2026-06-11 14:45:39 | INFO    | Epoch 0013 | loss 0.3295 | lr 2.00e-04 | 853.1s
2026-06-11 15:00:33 | INFO    | Epoch 0014 | loss 0.3375 | lr 2.00e-04 | 893.4s
2026-06-11 15:02:46 | INFO    |            >>> val Dice 0.6922 (best 0.6804)
2026-06-11 15:02:46 | INFO    |            *** 刷新最佳, 保存 best.pth (Dice=0.6922)
2026-06-11 15:17:17 | INFO    | Epoch 0015 | loss 0.3289 | lr 1.99e-04 | 871.1s
2026-06-11 15:31:53 | INFO    | Epoch 0016 | loss 0.3359 | lr 1.99e-04 | 875.2s
2026-06-11 15:46:01 | INFO    | Epoch 0017 | loss 0.3161 | lr 1.99e-04 | 848.3s
2026-06-11 16:00:11 | INFO    | Epoch 0018 | loss 0.3191 | lr 1.99e-04 | 849.8s
2026-06-11 16:15:12 | INFO    | Epoch 0019 | loss 0.3138 | lr 1.99e-04 | 899.6s
2026-06-11 16:17:27 | INFO    |            >>> val Dice 0.7117 (best 0.6922)
2026-06-11 16:17:27 | INFO    |            *** 刷新最佳, 保存 best.pth (Dice=0.7117)
2026-06-11 16:31:59 | INFO    | Epoch 0020 | loss 0.3195 | lr 1.99e-04 | 871.9s
2026-06-11 16:46:44 | INFO    | Epoch 0021 | loss 0.3151 | lr 1.99e-04 | 884.5s
2026-06-11 17:01:28 | INFO    | Epoch 0022 | loss 0.3152 | lr 1.99e-04 | 884.0s
2026-06-11 17:16:17 | INFO    | Epoch 0023 | loss 0.3197 | lr 1.99e-04 | 889.0s
2026-06-11 17:30:38 | INFO    | Epoch 0024 | loss 0.3142 | lr 1.99e-04 | 860.0s
2026-06-11 17:32:53 | INFO    |            >>> val Dice 0.7034 (best 0.7117)
2026-06-11 17:47:26 | INFO    | Epoch 0025 | loss 0.3018 | lr 1.99e-04 | 873.2s
2026-06-11 18:02:12 | INFO    | Epoch 0026 | loss 0.3052 | lr 1.99e-04 | 885.9s
2026-06-11 18:17:02 | INFO    | Epoch 0027 | loss 0.3072 | lr 1.98e-04 | 888.9s
2026-06-11 18:31:58 | INFO    | Epoch 0028 | loss 0.3013 | lr 1.98e-04 | 896.6s
2026-06-11 18:46:33 | INFO    | Epoch 0029 | loss 0.3017 | lr 1.98e-04 | 874.2s
2026-06-11 18:48:55 | INFO    |            >>> val Dice 0.7063 (best 0.7117)
2026-06-11 19:04:02 | INFO    | Epoch 0030 | loss 0.3031 | lr 1.98e-04 | 907.4s
2026-06-11 19:18:58 | INFO    | Epoch 0031 | loss 0.3053 | lr 1.98e-04 | 895.6s
2026-06-11 19:33:44 | INFO    | Epoch 0032 | loss 0.3058 | lr 1.98e-04 | 885.7s
2026-06-11 19:48:23 | INFO    | Epoch 0033 | loss 0.3061 | lr 1.98e-04 | 878.3s
2026-06-11 20:02:52 | INFO    | Epoch 0034 | loss 0.3024 | lr 1.98e-04 | 868.9s
2026-06-11 20:05:01 | INFO    |            >>> val Dice 0.7188 (best 0.7117)
2026-06-11 20:05:01 | INFO    |            *** 刷新最佳, 保存 best.pth (Dice=0.7188)
2026-06-11 20:19:51 | INFO    | Epoch 0035 | loss 0.3012 | lr 1.97e-04 | 889.8s
2026-06-11 20:34:24 | INFO    | Epoch 0036 | loss 0.2969 | lr 1.97e-04 | 873.2s
2026-06-11 20:49:10 | INFO    | Epoch 0037 | loss 0.3081 | lr 1.97e-04 | 886.0s
2026-06-11 21:03:44 | INFO    | Epoch 0038 | loss 0.2919 | lr 1.97e-04 | 874.0s
2026-06-11 21:18:02 | INFO    | Epoch 0039 | loss 0.2966 | lr 1.97e-04 | 858.0s
2026-06-11 21:20:21 | INFO    |            >>> val Dice 0.7268 (best 0.7188)
2026-06-11 21:20:21 | INFO    |            *** 刷新最佳, 保存 best.pth (Dice=0.7268)
2026-06-11 21:35:33 | INFO    | Epoch 0040 | loss 0.2926 | lr 1.97e-04 | 911.9s
2026-06-11 21:50:09 | INFO    | Epoch 0041 | loss 0.2884 | lr 1.97e-04 | 876.4s
2026-06-11 22:04:36 | INFO    | Epoch 0042 | loss 0.2991 | lr 1.96e-04 | 866.6s
2026-06-11 22:19:36 | INFO    | Epoch 0043 | loss 0.3087 | lr 1.96e-04 | 899.8s
2026-06-11 22:34:22 | INFO    | Epoch 0044 | loss 0.2877 | lr 1.96e-04 | 885.2s
2026-06-11 22:36:41 | INFO    |            >>> val Dice 0.7233 (best 0.7268)
2026-06-11 22:51:37 | INFO    | Epoch 0045 | loss 0.2979 | lr 1.96e-04 | 895.5s
2026-06-11 23:06:31 | INFO    | Epoch 0046 | loss 0.2876 | lr 1.96e-04 | 894.5s
2026-06-11 23:21:24 | INFO    | Epoch 0047 | loss 0.2931 | lr 1.95e-04 | 892.2s
2026-06-11 23:36:11 | INFO    | Epoch 0048 | loss 0.2856 | lr 1.95e-04 | 886.8s
2026-06-11 23:51:23 | INFO    | Epoch 0049 | loss 0.2895 | lr 1.95e-04 | 911.5s
2026-06-11 23:53:35 | INFO    |            >>> val Dice 0.7423 (best 0.7268)
2026-06-11 23:53:35 | INFO    |            *** 刷新最佳, 保存 best.pth (Dice=0.7423)
2026-06-12 00:08:33 | INFO    | Epoch 0050 | loss 0.2867 | lr 1.95e-04 | 897.5s
2026-06-12 00:23:25 | INFO    | Epoch 0051 | loss 0.2916 | lr 1.95e-04 | 891.7s
2026-06-12 00:38:21 | INFO    | Epoch 0052 | loss 0.2808 | lr 1.95e-04 | 895.5s
2026-06-12 00:53:40 | INFO    | Epoch 0053 | loss 0.2880 | lr 1.94e-04 | 919.1s
2026-06-12 01:09:03 | INFO    | Epoch 0054 | loss 0.2957 | lr 1.94e-04 | 923.2s
2026-06-12 01:11:20 | INFO    |            >>> val Dice 0.7511 (best 0.7423)
2026-06-12 01:11:20 | INFO    |            *** 刷新最佳, 保存 best.pth (Dice=0.7511)
2026-06-12 01:26:06 | INFO    | Epoch 0055 | loss 0.2868 | lr 1.94e-04 | 886.1s
2026-06-12 01:40:39 | INFO    | Epoch 0056 | loss 0.2836 | lr 1.94e-04 | 873.5s
2026-06-12 01:55:20 | INFO    | Epoch 0057 | loss 0.2859 | lr 1.93e-04 | 880.5s
2026-06-12 02:09:54 | INFO    | Epoch 0058 | loss 0.2842 | lr 1.93e-04 | 874.0s
2026-06-12 02:24:42 | INFO    | Epoch 0059 | loss 0.2752 | lr 1.93e-04 | 888.0s
2026-06-12 02:26:59 | INFO    |            >>> val Dice 0.7274 (best 0.7511)
2026-06-12 02:41:55 | INFO    | Epoch 0060 | loss 0.2969 | lr 1.93e-04 | 896.1s
2026-06-12 02:56:52 | INFO    | Epoch 0061 | loss 0.2905 | lr 1.93e-04 | 896.4s
2026-06-12 03:11:31 | INFO    | Epoch 0062 | loss 0.2939 | lr 1.92e-04 | 879.3s
2026-06-12 03:26:21 | INFO    | Epoch 0063 | loss 0.2823 | lr 1.92e-04 | 889.8s
2026-06-12 03:41:15 | INFO    | Epoch 0064 | loss 0.2866 | lr 1.92e-04 | 893.4s
2026-06-12 03:43:34 | INFO    |            >>> val Dice 0.7250 (best 0.7511)
2026-06-12 03:58:25 | INFO    | Epoch 0065 | loss 0.2768 | lr 1.92e-04 | 891.1s
2026-06-12 04:13:13 | INFO    | Epoch 0066 | loss 0.2817 | lr 1.91e-04 | 888.0s
2026-06-12 04:28:11 | INFO    | Epoch 0067 | loss 0.2805 | lr 1.91e-04 | 897.8s
2026-06-12 04:43:08 | INFO    | Epoch 0068 | loss 0.2750 | lr 1.91e-04 | 896.4s
2026-06-12 04:57:58 | INFO    | Epoch 0069 | loss 0.2739 | lr 1.90e-04 | 889.5s
2026-06-12 05:00:18 | INFO    |            >>> val Dice 0.7538 (best 0.7511)
2026-06-12 05:00:18 | INFO    |            *** 刷新最佳, 保存 best.pth (Dice=0.7538)
2026-06-12 05:15:14 | INFO    | Epoch 0070 | loss 0.2828 | lr 1.90e-04 | 895.8s
2026-06-12 05:30:08 | INFO    | Epoch 0071 | loss 0.2799 | lr 1.90e-04 | 893.7s
2026-06-12 05:45:10 | INFO    | Epoch 0072 | loss 0.2712 | lr 1.90e-04 | 901.4s
2026-06-12 06:00:05 | INFO    | Epoch 0073 | loss 0.2760 | lr 1.89e-04 | 895.5s
2026-06-12 06:14:58 | INFO    | Epoch 0074 | loss 0.2765 | lr 1.89e-04 | 892.4s
2026-06-12 06:17:17 | INFO    |            >>> val Dice 0.7497 (best 0.7538)
2026-06-12 06:32:09 | INFO    | Epoch 0075 | loss 0.2722 | lr 1.89e-04 | 892.2s
2026-06-12 06:46:54 | INFO    | Epoch 0076 | loss 0.2791 | lr 1.89e-04 | 884.3s
2026-06-12 07:01:44 | INFO    | Epoch 0077 | loss 0.2709 | lr 1.88e-04 | 889.7s
2026-06-12 07:16:43 | INFO    | Epoch 0078 | loss 0.2669 | lr 1.88e-04 | 899.3s
2026-06-12 07:31:37 | INFO    | Epoch 0079 | loss 0.2754 | lr 1.88e-04 | 894.1s
2026-06-12 07:33:56 | INFO    |            >>> val Dice 0.7281 (best 0.7538)
2026-06-12 07:48:45 | INFO    | Epoch 0080 | loss 0.2745 | lr 1.87e-04 | 888.9s
2026-06-12 08:03:06 | INFO    | Epoch 0081 | loss 0.2722 | lr 1.87e-04 | 861.3s
2026-06-12 08:17:30 | INFO    | Epoch 0082 | loss 0.2777 | lr 1.87e-04 | 863.1s
2026-06-12 08:31:47 | INFO    | Epoch 0083 | loss 0.2706 | lr 1.86e-04 | 857.4s
2026-06-12 08:46:03 | INFO    | Epoch 0084 | loss 0.2734 | lr 1.86e-04 | 855.4s
2026-06-12 08:48:19 | INFO    |            >>> val Dice 0.7386 (best 0.7538)
2026-06-12 09:02:44 | INFO    | Epoch 0085 | loss 0.2866 | lr 1.86e-04 | 864.8s
2026-06-12 09:17:00 | INFO    | Epoch 0086 | loss 0.2713 | lr 1.85e-04 | 856.2s
2026-06-12 09:31:28 | INFO    | Epoch 0087 | loss 0.2771 | lr 1.85e-04 | 867.9s
2026-06-12 09:45:51 | INFO    | Epoch 0088 | loss 0.2820 | lr 1.85e-04 | 862.2s
2026-06-12 10:00:10 | INFO    | Epoch 0089 | loss 0.2750 | lr 1.84e-04 | 858.5s
2026-06-12 10:02:23 | INFO    |            >>> val Dice 0.7460 (best 0.7538)
2026-06-12 10:16:52 | INFO    | Epoch 0090 | loss 0.2711 | lr 1.84e-04 | 869.1s
2026-06-12 10:31:26 | INFO    | Epoch 0091 | loss 0.2695 | lr 1.84e-04 | 874.0s
2026-06-12 10:45:46 | INFO    | Epoch 0092 | loss 0.2704 | lr 1.83e-04 | 859.7s
2026-06-12 11:00:07 | INFO    | Epoch 0093 | loss 0.2711 | lr 1.83e-04 | 860.1s
2026-06-12 11:14:18 | INFO    | Epoch 0094 | loss 0.2898 | lr 1.83e-04 | 851.1s
2026-06-12 11:16:33 | INFO    |            >>> val Dice 0.7474 (best 0.7538)
2026-06-12 11:30:59 | INFO    | Epoch 0095 | loss 0.2708 | lr 1.82e-04 | 866.4s
2026-06-12 11:45:33 | INFO    | Epoch 0096 | loss 0.2697 | lr 1.82e-04 | 873.9s
2026-06-12 11:59:59 | INFO    | Epoch 0097 | loss 0.2742 | lr 1.82e-04 | 865.0s
2026-06-12 12:14:36 | INFO    | Epoch 0098 | loss 0.2697 | lr 1.81e-04 | 877.1s
2026-06-12 12:29:09 | INFO    | Epoch 0099 | loss 0.2660 | lr 1.81e-04 | 873.2s
2026-06-12 12:31:27 | INFO    |            >>> val Dice 0.7696 (best 0.7538)
2026-06-12 12:31:27 | INFO    |            *** 刷新最佳, 保存 best.pth (Dice=0.7696)
2026-06-12 12:45:56 | INFO    | Epoch 0100 | loss 0.2678 | lr 1.81e-04 | 869.1s
2026-06-12 13:00:27 | INFO    | Epoch 0101 | loss 0.2702 | lr 1.80e-04 | 869.8s
2026-06-12 13:14:53 | INFO    | Epoch 0102 | loss 0.2678 | lr 1.80e-04 | 866.7s
2026-06-12 13:29:21 | INFO    | Epoch 0103 | loss 0.2675 | lr 1.79e-04 | 867.5s
2026-06-12 13:43:52 | INFO    | Epoch 0104 | loss 0.2680 | lr 1.79e-04 | 871.3s
2026-06-12 13:46:10 | INFO    |            >>> val Dice 0.7552 (best 0.7696)
2026-06-12 14:00:50 | INFO    | Epoch 0105 | loss 0.2734 | lr 1.79e-04 | 879.7s
2026-06-12 14:15:26 | INFO    | Epoch 0106 | loss 0.2723 | lr 1.78e-04 | 875.6s
2026-06-12 14:29:59 | INFO    | Epoch 0107 | loss 0.2721 | lr 1.78e-04 | 873.5s
2026-06-12 14:44:28 | INFO    | Epoch 0108 | loss 0.2804 | lr 1.77e-04 | 867.9s
2026-06-12 14:58:57 | INFO    | Epoch 0109 | loss 0.2756 | lr 1.77e-04 | 868.8s
2026-06-12 15:01:14 | INFO    |            >>> val Dice 0.7696 (best 0.7696)
2026-06-12 15:15:38 | INFO    | Epoch 0110 | loss 0.2677 | lr 1.77e-04 | 864.0s
2026-06-12 15:29:57 | INFO    | Epoch 0111 | loss 0.2737 | lr 1.76e-04 | 859.4s
2026-06-12 15:44:17 | INFO    | Epoch 0112 | loss 0.2768 | lr 1.76e-04 | 858.3s
2026-06-12 15:58:37 | INFO    | Epoch 0113 | loss 0.2708 | lr 1.75e-04 | 859.9s
2026-06-12 16:12:57 | INFO    | Epoch 0114 | loss 0.2671 | lr 1.75e-04 | 860.4s
2026-06-12 16:15:13 | INFO    |            >>> val Dice 0.7705 (best 0.7696)
2026-06-12 16:15:13 | INFO    |            *** 刷新最佳, 保存 best.pth (Dice=0.7705)
2026-06-12 16:29:44 | INFO    | Epoch 0115 | loss 0.2607 | lr 1.75e-04 | 870.9s
2026-06-12 16:44:12 | INFO    | Epoch 0116 | loss 0.2659 | lr 1.74e-04 | 868.3s
2026-06-12 16:58:26 | INFO    | Epoch 0117 | loss 0.2705 | lr 1.74e-04 | 853.0s
2026-06-12 17:12:58 | INFO    | Epoch 0118 | loss 0.2570 | lr 1.73e-04 | 872.2s
2026-06-12 17:27:17 | INFO    | Epoch 0119 | loss 0.2623 | lr 1.73e-04 | 859.4s
2026-06-12 17:29:32 | INFO    |            >>> val Dice 0.7705 (best 0.7705)
2026-06-12 17:44:01 | INFO    | Epoch 0120 | loss 0.2684 | lr 1.72e-04 | 869.2s
2026-06-12 17:58:33 | INFO    | Epoch 0121 | loss 0.2644 | lr 1.72e-04 | 871.7s
2026-06-12 18:12:58 | INFO    | Epoch 0122 | loss 0.2555 | lr 1.72e-04 | 865.3s
2026-06-12 18:27:26 | INFO    | Epoch 0123 | loss 0.2568 | lr 1.71e-04 | 867.5s
2026-06-12 18:41:49 | INFO    | Epoch 0124 | loss 0.2607 | lr 1.71e-04 | 862.5s
2026-06-12 18:44:04 | INFO    |            >>> val Dice 0.7693 (best 0.7705)
2026-06-12 18:58:45 | INFO    | Epoch 0125 | loss 0.2793 | lr 1.70e-04 | 880.9s
2026-06-12 19:13:06 | INFO    | Epoch 0126 | loss 0.2627 | lr 1.70e-04 | 861.1s
2026-06-12 19:27:51 | INFO    | Epoch 0127 | loss 0.2532 | lr 1.69e-04 | 884.7s
2026-06-12 19:42:23 | INFO    | Epoch 0128 | loss 0.2642 | lr 1.69e-04 | 871.6s
2026-06-12 19:56:48 | INFO    | Epoch 0129 | loss 0.2654 | lr 1.68e-04 | 864.7s
2026-06-12 19:59:02 | INFO    |            >>> val Dice 0.7668 (best 0.7705)
2026-06-12 20:13:42 | INFO    | Epoch 0130 | loss 0.2644 | lr 1.68e-04 | 879.9s
2026-06-12 20:28:32 | INFO    | Epoch 0131 | loss 0.2645 | lr 1.68e-04 | 889.7s
2026-06-12 20:43:06 | INFO    | Epoch 0132 | loss 0.2617 | lr 1.67e-04 | 873.9s
2026-06-12 20:57:37 | INFO    | Epoch 0133 | loss 0.2633 | lr 1.67e-04 | 870.8s
2026-06-12 21:12:11 | INFO    | Epoch 0134 | loss 0.2592 | lr 1.66e-04 | 873.2s
2026-06-12 21:14:30 | INFO    |            >>> val Dice 0.7721 (best 0.7705)
2026-06-12 21:14:31 | INFO    |            *** 刷新最佳, 保存 best.pth (Dice=0.7721)
2026-06-12 21:28:51 | INFO    | Epoch 0135 | loss 0.2636 | lr 1.66e-04 | 860.6s
2026-06-12 21:43:21 | INFO    | Epoch 0136 | loss 0.2593 | lr 1.65e-04 | 869.5s
2026-06-12 21:57:44 | INFO    | Epoch 0137 | loss 0.2583 | lr 1.65e-04 | 862.6s
2026-06-12 22:12:03 | INFO    | Epoch 0138 | loss 0.2604 | lr 1.64e-04 | 858.9s
2026-06-12 22:26:30 | INFO    | Epoch 0139 | loss 0.2572 | lr 1.64e-04 | 866.8s
2026-06-12 22:28:43 | INFO    |            >>> val Dice 0.7618 (best 0.7721)
2026-06-12 22:43:28 | INFO    | Epoch 0140 | loss 0.2592 | lr 1.63e-04 | 885.3s
2026-06-12 22:58:09 | INFO    | Epoch 0141 | loss 0.2714 | lr 1.63e-04 | 880.4s
2026-06-12 23:12:46 | INFO    | Epoch 0142 | loss 0.2731 | lr 1.62e-04 | 876.7s
2026-06-12 23:27:06 | INFO    | Epoch 0143 | loss 0.2698 | lr 1.62e-04 | 860.3s
2026-06-12 23:41:46 | INFO    | Epoch 0144 | loss 0.2540 | lr 1.61e-04 | 879.9s
2026-06-12 23:43:57 | INFO    |            >>> val Dice 0.7712 (best 0.7721)
2026-06-12 23:58:37 | INFO    | Epoch 0145 | loss 0.2665 | lr 1.61e-04 | 879.5s
2026-06-13 00:13:09 | INFO    | Epoch 0146 | loss 0.2602 | lr 1.60e-04 | 872.1s
2026-06-13 00:27:37 | INFO    | Epoch 0147 | loss 0.2627 | lr 1.60e-04 | 868.1s
2026-06-13 00:42:06 | INFO    | Epoch 0148 | loss 0.2649 | lr 1.59e-04 | 868.2s
2026-06-13 00:56:40 | INFO    | Epoch 0149 | loss 0.2604 | lr 1.59e-04 | 873.9s
2026-06-13 00:58:54 | INFO    |            >>> val Dice 0.7719 (best 0.7721)
2026-06-13 01:13:22 | INFO    | Epoch 0150 | loss 0.2645 | lr 1.58e-04 | 867.8s
2026-06-13 01:27:58 | INFO    | Epoch 0151 | loss 0.2689 | lr 1.58e-04 | 875.4s
2026-06-13 01:42:26 | INFO    | Epoch 0152 | loss 0.2556 | lr 1.57e-04 | 868.1s
2026-06-13 01:57:09 | INFO    | Epoch 0153 | loss 0.2553 | lr 1.57e-04 | 882.6s
2026-06-13 02:11:40 | INFO    | Epoch 0154 | loss 0.2856 | lr 1.56e-04 | 870.7s
2026-06-13 02:13:57 | INFO    |            >>> val Dice 0.7733 (best 0.7721)
2026-06-13 02:13:57 | INFO    |            *** 刷新最佳, 保存 best.pth (Dice=0.7733)
2026-06-13 02:29:00 | INFO    | Epoch 0155 | loss 0.2473 | lr 1.56e-04 | 903.2s
2026-06-13 02:43:50 | INFO    | Epoch 0156 | loss 0.2534 | lr 1.55e-04 | 889.0s
2026-06-13 02:58:35 | INFO    | Epoch 0157 | loss 0.2636 | lr 1.55e-04 | 885.0s
2026-06-13 03:13:24 | INFO    | Epoch 0158 | loss 0.2532 | lr 1.54e-04 | 888.6s
2026-06-13 03:28:11 | INFO    | Epoch 0159 | loss 0.2571 | lr 1.54e-04 | 886.8s
2026-06-13 03:30:31 | INFO    |            >>> val Dice 0.7828 (best 0.7733)
2026-06-13 03:30:31 | INFO    |            *** 刷新最佳, 保存 best.pth (Dice=0.7828)
2026-06-13 03:45:14 | INFO    | Epoch 0160 | loss 0.2605 | lr 1.53e-04 | 882.9s
2026-06-13 04:00:07 | INFO    | Epoch 0161 | loss 0.2520 | lr 1.53e-04 | 892.8s
2026-06-13 04:14:44 | INFO    | Epoch 0162 | loss 0.2623 | lr 1.52e-04 | 877.2s
2026-06-13 04:29:35 | INFO    | Epoch 0163 | loss 0.2576 | lr 1.51e-04 | 891.1s
2026-06-13 04:44:22 | INFO    | Epoch 0164 | loss 0.2595 | lr 1.51e-04 | 886.4s
2026-06-13 04:46:33 | INFO    |            >>> val Dice 0.7704 (best 0.7828)
2026-06-13 05:01:08 | INFO    | Epoch 0165 | loss 0.2508 | lr 1.50e-04 | 874.2s
2026-06-13 05:15:40 | INFO    | Epoch 0166 | loss 0.2639 | lr 1.50e-04 | 872.0s
2026-06-13 05:30:18 | INFO    | Epoch 0167 | loss 0.2635 | lr 1.49e-04 | 878.3s
2026-06-13 05:44:56 | INFO    | Epoch 0168 | loss 0.2623 | lr 1.49e-04 | 877.5s
2026-06-13 05:59:43 | INFO    | Epoch 0169 | loss 0.2567 | lr 1.48e-04 | 886.4s
2026-06-13 06:01:55 | INFO    |            >>> val Dice 0.7768 (best 0.7828)
2026-06-13 06:16:42 | INFO    | Epoch 0170 | loss 0.2562 | lr 1.48e-04 | 886.4s
2026-06-13 06:31:16 | INFO    | Epoch 0171 | loss 0.2553 | lr 1.47e-04 | 873.8s
2026-06-13 06:45:58 | INFO    | Epoch 0172 | loss 0.2630 | lr 1.47e-04 | 882.6s
2026-06-13 07:00:37 | INFO    | Epoch 0173 | loss 0.2600 | lr 1.46e-04 | 878.0s
2026-06-13 07:15:15 | INFO    | Epoch 0174 | loss 0.2627 | lr 1.45e-04 | 878.0s
2026-06-13 07:17:34 | INFO    |            >>> val Dice 0.7892 (best 0.7828)
2026-06-13 07:17:34 | INFO    |            *** 刷新最佳, 保存 best.pth (Dice=0.7892)
2026-06-13 07:32:06 | INFO    | Epoch 0175 | loss 0.2532 | lr 1.45e-04 | 871.7s
2026-06-13 07:46:46 | INFO    | Epoch 0176 | loss 0.2438 | lr 1.44e-04 | 880.4s
2026-06-13 08:01:25 | INFO    | Epoch 0177 | loss 0.2602 | lr 1.44e-04 | 878.8s
2026-06-13 08:15:59 | INFO    | Epoch 0178 | loss 0.2569 | lr 1.43e-04 | 873.3s
2026-06-13 08:30:33 | INFO    | Epoch 0179 | loss 0.2541 | lr 1.43e-04 | 873.8s
2026-06-13 08:32:43 | INFO    |            >>> val Dice 0.7820 (best 0.7892)
2026-06-13 08:47:16 | INFO    | Epoch 0180 | loss 0.2620 | lr 1.42e-04 | 873.5s
2026-06-13 09:01:58 | INFO    | Epoch 0181 | loss 0.2557 | lr 1.41e-04 | 881.9s
2026-06-13 09:16:50 | INFO    | Epoch 0182 | loss 0.2532 | lr 1.41e-04 | 891.6s
2026-06-13 09:31:31 | INFO    | Epoch 0183 | loss 0.2633 | lr 1.40e-04 | 880.5s
2026-06-13 09:46:12 | INFO    | Epoch 0184 | loss 0.2621 | lr 1.40e-04 | 880.8s
2026-06-13 09:48:29 | INFO    |            >>> val Dice 0.7832 (best 0.7892)
2026-06-13 10:03:36 | INFO    | Epoch 0185 | loss 0.2493 | lr 1.39e-04 | 906.6s
2026-06-13 10:18:18 | INFO    | Epoch 0186 | loss 0.2560 | lr 1.39e-04 | 882.0s
2026-06-13 10:32:52 | INFO    | Epoch 0187 | loss 0.2551 | lr 1.38e-04 | 874.5s
2026-06-13 10:47:35 | INFO    | Epoch 0188 | loss 0.2523 | lr 1.37e-04 | 882.9s
2026-06-13 11:02:11 | INFO    | Epoch 0189 | loss 0.2536 | lr 1.37e-04 | 875.2s
2026-06-13 11:04:27 | INFO    |            >>> val Dice 0.7818 (best 0.7892)
2026-06-13 11:19:09 | INFO    | Epoch 0190 | loss 0.2507 | lr 1.36e-04 | 882.1s
2026-06-13 11:33:43 | INFO    | Epoch 0191 | loss 0.2608 | lr 1.36e-04 | 874.0s
2026-06-13 11:48:35 | INFO    | Epoch 0192 | loss 0.2492 | lr 1.35e-04 | 892.2s
2026-06-13 12:03:13 | INFO    | Epoch 0193 | loss 0.2483 | lr 1.34e-04 | 876.6s
2026-06-13 12:18:00 | INFO    | Epoch 0194 | loss 0.2471 | lr 1.34e-04 | 887.1s
2026-06-13 12:20:19 | INFO    |            >>> val Dice 0.7807 (best 0.7892)
2026-06-13 12:35:09 | INFO    | Epoch 0195 | loss 0.2557 | lr 1.33e-04 | 889.4s
2026-06-13 12:50:10 | INFO    | Epoch 0196 | loss 0.2476 | lr 1.33e-04 | 901.4s
2026-06-13 13:04:52 | INFO    | Epoch 0197 | loss 0.2556 | lr 1.32e-04 | 881.6s
2026-06-13 13:19:35 | INFO    | Epoch 0198 | loss 0.2557 | lr 1.31e-04 | 882.2s
2026-06-13 13:34:19 | INFO    | Epoch 0199 | loss 0.2584 | lr 1.31e-04 | 884.3s
2026-06-13 13:36:36 | INFO    |            >>> val Dice 0.7853 (best 0.7892)
2026-06-13 13:51:28 | INFO    | Epoch 0200 | loss 0.2581 | lr 1.30e-04 | 891.3s
2026-06-13 14:06:20 | INFO    | Epoch 0201 | loss 0.2591 | lr 1.30e-04 | 892.6s
2026-06-13 14:21:00 | INFO    | Epoch 0202 | loss 0.2492 | lr 1.29e-04 | 879.0s
2026-06-13 14:35:51 | INFO    | Epoch 0203 | loss 0.2721 | lr 1.29e-04 | 891.5s
2026-06-13 14:50:28 | INFO    | Epoch 0204 | loss 0.2537 | lr 1.28e-04 | 877.1s
2026-06-13 14:52:41 | INFO    |            >>> val Dice 0.7772 (best 0.7892)
2026-06-13 15:07:25 | INFO    | Epoch 0205 | loss 0.2491 | lr 1.27e-04 | 884.1s
2026-06-13 15:22:02 | INFO    | Epoch 0206 | loss 0.2439 | lr 1.27e-04 | 876.7s
2026-06-13 15:36:49 | INFO    | Epoch 0207 | loss 0.2446 | lr 1.26e-04 | 886.9s
2026-06-13 15:51:32 | INFO    | Epoch 0208 | loss 0.2442 | lr 1.25e-04 | 882.6s
2026-06-13 16:06:27 | INFO    | Epoch 0209 | loss 0.2590 | lr 1.25e-04 | 894.7s
2026-06-13 16:08:44 | INFO    |            >>> val Dice 0.7532 (best 0.7892)
2026-06-13 16:23:37 | INFO    | Epoch 0210 | loss 0.2550 | lr 1.24e-04 | 893.2s
2026-06-13 16:38:19 | INFO    | Epoch 0211 | loss 0.2501 | lr 1.24e-04 | 881.9s
2026-06-13 16:53:14 | INFO    | Epoch 0212 | loss 0.2488 | lr 1.23e-04 | 894.7s
[2026-06-13T16:56:05.126] error: *** JOB 16038951 ON node849 CANCELLED AT 2026-06-13T16:56:05 DUE to SIGNAL Terminated ***
