作业 17408749 在 host.cluster.example.org 启动
CUDA: True NVIDIA A100-SXM4-80GB
device=cuda  amp=True
stage-2 残差门控网络  参数量=4,701,618  gate=True
loss: w_region=1.0 w_cldice=0.5 cldice_k=5 warmup=500
train batches=2796  val batches=200

--- Epoch 1/80 (lr=3.00e-04) ---
  train_loss=0.2233  val_loss=0.2915  val_dice=0.7901
  [best] val_dice=0.7901 已保存

--- Epoch 2/80 (lr=3.00e-04) ---
  train_loss=0.2096  val_loss=0.2921  val_dice=0.7930
  [best] val_dice=0.7930 已保存

--- Epoch 3/80 (lr=3.00e-04) ---
  train_loss=0.2048  val_loss=0.2482  val_dice=0.8131
  [best] val_dice=0.8131 已保存

--- Epoch 4/80 (lr=2.99e-04) ---
  train_loss=0.2036  val_loss=0.2869  val_dice=0.7947

--- Epoch 5/80 (lr=2.98e-04) ---
  train_loss=0.2008  val_loss=0.2615  val_dice=0.8147
  [best] val_dice=0.8147 已保存

--- Epoch 6/80 (lr=2.97e-04) ---
  train_loss=0.1995  val_loss=0.2920  val_dice=0.7925

--- Epoch 7/80 (lr=2.96e-04) ---
  train_loss=0.1964  val_loss=0.2730  val_dice=0.8026

--- Epoch 8/80 (lr=2.94e-04) ---
  train_loss=0.1938  val_loss=0.2680  val_dice=0.7958

--- Epoch 9/80 (lr=2.93e-04) ---
  train_loss=0.1921  val_loss=0.2783  val_dice=0.7956

--- Epoch 10/80 (lr=2.91e-04) ---
  train_loss=0.1916  val_loss=0.2888  val_dice=0.8049

--- Epoch 11/80 (lr=2.89e-04) ---
  train_loss=0.1910  val_loss=0.2523  val_dice=0.8063

--- Epoch 12/80 (lr=2.86e-04) ---
  train_loss=0.1894  val_loss=0.2597  val_dice=0.8070

--- Epoch 13/80 (lr=2.84e-04) ---
  train_loss=0.1849  val_loss=0.2813  val_dice=0.8012

--- Epoch 14/80 (lr=2.81e-04) ---
  train_loss=0.1848  val_loss=0.2689  val_dice=0.8030

--- Epoch 15/80 (lr=2.78e-04) ---
  train_loss=0.1849  val_loss=0.2691  val_dice=0.8013

--- Epoch 16/80 (lr=2.75e-04) ---
  train_loss=0.1831  val_loss=0.2668  val_dice=0.8049

--- Epoch 17/80 (lr=2.71e-04) ---
  train_loss=0.1782  val_loss=0.2625  val_dice=0.8062

--- Epoch 18/80 (lr=2.68e-04) ---
  train_loss=0.1814  val_loss=0.2496  val_dice=0.8167
  [best] val_dice=0.8167 已保存

--- Epoch 19/80 (lr=2.64e-04) ---
  train_loss=0.1769  val_loss=0.2613  val_dice=0.8065

--- Epoch 20/80 (lr=2.60e-04) ---
  train_loss=0.1771  val_loss=0.2521  val_dice=0.8096

--- Epoch 21/80 (lr=2.56e-04) ---
  train_loss=0.1790  val_loss=0.2737  val_dice=0.8103

--- Epoch 22/80 (lr=2.52e-04) ---
  train_loss=0.1735  val_loss=0.2728  val_dice=0.7995

--- Epoch 23/80 (lr=2.47e-04) ---
  train_loss=0.1721  val_loss=0.2603  val_dice=0.8041

--- Epoch 24/80 (lr=2.43e-04) ---
  train_loss=0.1687  val_loss=0.2557  val_dice=0.8026

--- Epoch 25/80 (lr=2.38e-04) ---
  train_loss=0.1723  val_loss=0.2877  val_dice=0.7986

--- Epoch 26/80 (lr=2.33e-04) ---
  train_loss=0.1685  val_loss=0.2641  val_dice=0.8076

--- Epoch 27/80 (lr=2.28e-04) ---
  train_loss=0.1635  val_loss=0.2637  val_dice=0.8051

--- Epoch 28/80 (lr=2.23e-04) ---
  train_loss=0.1674  val_loss=0.2667  val_dice=0.8074

--- Epoch 29/80 (lr=2.18e-04) ---
  train_loss=0.1615  val_loss=0.2678  val_dice=0.8031

--- Epoch 30/80 (lr=2.13e-04) ---
  train_loss=0.1643  val_loss=0.2644  val_dice=0.7950

--- Epoch 31/80 (lr=2.07e-04) ---
  train_loss=0.1600  val_loss=0.2633  val_dice=0.8123

--- Epoch 32/80 (lr=2.02e-04) ---
  train_loss=0.1591  val_loss=0.2480  val_dice=0.8127

--- Epoch 33/80 (lr=1.96e-04) ---
  train_loss=0.1561  val_loss=0.2625  val_dice=0.8033

--- Epoch 34/80 (lr=1.91e-04) ---
  train_loss=0.1557  val_loss=0.2451  val_dice=0.8090

--- Epoch 35/80 (lr=1.85e-04) ---
  train_loss=0.1563  val_loss=0.2537  val_dice=0.8100

--- Epoch 36/80 (lr=1.79e-04) ---
  train_loss=0.1540  val_loss=0.2498  val_dice=0.8114

--- Epoch 37/80 (lr=1.73e-04) ---
  train_loss=0.1525  val_loss=0.2770  val_dice=0.8035

--- Epoch 38/80 (lr=1.68e-04) ---
  train_loss=0.1496  val_loss=0.2679  val_dice=0.8013

--- Epoch 39/80 (lr=1.62e-04) ---
  train_loss=0.1471  val_loss=0.2541  val_dice=0.8122

--- Epoch 40/80 (lr=1.56e-04) ---
  train_loss=0.1497  val_loss=0.2632  val_dice=0.8001

--- Epoch 41/80 (lr=1.50e-04) ---
  train_loss=0.1472  val_loss=0.2536  val_dice=0.8054

--- Epoch 42/80 (lr=1.44e-04) ---
  train_loss=0.1459  val_loss=0.2429  val_dice=0.8117

--- Epoch 43/80 (lr=1.38e-04) ---
  train_loss=0.1442  val_loss=0.2615  val_dice=0.8057

--- Epoch 44/80 (lr=1.32e-04) ---
  train_loss=0.1423  val_loss=0.2644  val_dice=0.7983

--- Epoch 45/80 (lr=1.27e-04) ---
  train_loss=0.1433  val_loss=0.2534  val_dice=0.8086

--- Epoch 46/80 (lr=1.21e-04) ---
  train_loss=0.1421  val_loss=0.2632  val_dice=0.8066

--- Epoch 47/80 (lr=1.15e-04) ---
  train_loss=0.1400  val_loss=0.2769  val_dice=0.7991

--- Epoch 48/80 (lr=1.09e-04) ---
  train_loss=0.1390  val_loss=0.2539  val_dice=0.8077

--- Epoch 49/80 (lr=1.04e-04) ---
  train_loss=0.1372  val_loss=0.2739  val_dice=0.8068

--- Epoch 50/80 (lr=9.81e-05) ---
  train_loss=0.1376  val_loss=0.2565  val_dice=0.8044

--- Epoch 51/80 (lr=9.26e-05) ---
  train_loss=0.1351  val_loss=0.2664  val_dice=0.8073

--- Epoch 52/80 (lr=8.72e-05) ---
  train_loss=0.1351  val_loss=0.2783  val_dice=0.7991

--- Epoch 53/80 (lr=8.19e-05) ---
  train_loss=0.1351  val_loss=0.2575  val_dice=0.7969

--- Epoch 54/80 (lr=7.67e-05) ---
  train_loss=0.1328  val_loss=0.2744  val_dice=0.7960

--- Epoch 55/80 (lr=7.16e-05) ---
  train_loss=0.1328  val_loss=0.2578  val_dice=0.7944

--- Epoch 56/80 (lr=6.67e-05) ---
  train_loss=0.1318  val_loss=0.2515  val_dice=0.8087

--- Epoch 57/80 (lr=6.18e-05) ---
  train_loss=0.1292  val_loss=0.2533  val_dice=0.8057

--- Epoch 58/80 (lr=5.71e-05) ---
  train_loss=0.1301  val_loss=0.2613  val_dice=0.8088

--- Epoch 59/80 (lr=5.26e-05) ---
  train_loss=0.1281  val_loss=0.2628  val_dice=0.8014

--- Epoch 60/80 (lr=4.82e-05) ---
  train_loss=0.1288  val_loss=0.2698  val_dice=0.7988

--- Epoch 61/80 (lr=4.39e-05) ---
  train_loss=0.1272  val_loss=0.2426  val_dice=0.8124

--- Epoch 62/80 (lr=3.99e-05) ---
  train_loss=0.1272  val_loss=0.2791  val_dice=0.8004

--- Epoch 63/80 (lr=3.59e-05) ---
  train_loss=0.1262  val_loss=0.2722  val_dice=0.8022

--- Epoch 64/80 (lr=3.22e-05) ---
  train_loss=0.1252  val_loss=0.2665  val_dice=0.8105

--- Epoch 65/80 (lr=2.86e-05) ---
  train_loss=0.1245  val_loss=0.2655  val_dice=0.8032

--- Epoch 66/80 (lr=2.53e-05) ---
  train_loss=0.1253  val_loss=0.2637  val_dice=0.7972

--- Epoch 67/80 (lr=2.21e-05) ---
  train_loss=0.1242  val_loss=0.2717  val_dice=0.7952

--- Epoch 68/80 (lr=1.91e-05) ---
  train_loss=0.1226  val_loss=0.2845  val_dice=0.7908

--- Epoch 69/80 (lr=1.63e-05) ---
  train_loss=0.1254  val_loss=0.2615  val_dice=0.8082

--- Epoch 70/80 (lr=1.38e-05) ---
  train_loss=0.1243  val_loss=0.2574  val_dice=0.8002

--- Epoch 71/80 (lr=1.14e-05) ---
  train_loss=0.1215  val_loss=0.2725  val_dice=0.7993

--- Epoch 72/80 (lr=9.27e-06) ---
  train_loss=0.1226  val_loss=0.2524  val_dice=0.8016

--- Epoch 73/80 (lr=7.34e-06) ---
  train_loss=0.1218  val_loss=0.2678  val_dice=0.8046

--- Epoch 74/80 (lr=5.63e-06) ---
  train_loss=0.1235  val_loss=0.2897  val_dice=0.7965

--- Epoch 75/80 (lr=4.14e-06) ---
  train_loss=0.1217  val_loss=0.2576  val_dice=0.8045

--- Epoch 76/80 (lr=2.88e-06) ---
  train_loss=0.1235  val_loss=0.2714  val_dice=0.7936

--- Epoch 77/80 (lr=1.85e-06) ---
  train_loss=0.1222  val_loss=0.2606  val_dice=0.8022

--- Epoch 78/80 (lr=1.04e-06) ---
  train_loss=0.1214  val_loss=0.2707  val_dice=0.8024

--- Epoch 79/80 (lr=4.62e-07) ---
  train_loss=0.1211  val_loss=0.2791  val_dice=0.7988

--- Epoch 80/80 (lr=1.16e-07) ---
  train_loss=0.1214  val_loss=0.2771  val_dice=0.8042
作业 17408749 结束
